Component: ARM Compiler 5.06 update 5 (build 528) Tool: armlink [4d35e2]

==============================================================================

Section Cross References

    main.o(.text) refers to led_frdm-kw41z.o(.text) for LED_On
    main.o(.text) refers to tasks.o(.text) for vTaskDelay
    main.o(.text) refers to system_mkw41z4.o(.text) for SystemCoreClockUpdate
    led_frdm-kw41z.o(.text) refers to led_frdm-kw41z.o(.constdata) for led_port
    eventrecorder.o(.text) refers to memseta.o(.text) for __aeabi_memclr4
    eventrecorder.o(.text) refers to eventrecorder.o(.noinit) for EventStatus
    eventrecorder.o(.text) refers to eventrecorder.o(.constdata) for EventRecorderInfo
    eventrecorder.o(.text) refers to memcpya.o(.text) for __aeabi_memcpy
    eventrecorder.o(.constdata) refers to eventrecorder.o(.noinit) for EventBuffer
    startup_mkw41z4.o(RESET) refers to startup_mkw41z4.o(STACK) for __initial_sp
    startup_mkw41z4.o(RESET) refers to startup_mkw41z4.o(.text) for Reset_Handler
    startup_mkw41z4.o(RESET) refers to port.o(.text) for SVC_Handler
    startup_mkw41z4.o(RESET) refers to port.o(.emb_text) for PendSV_Handler
    startup_mkw41z4.o(.text) refers to startup_mkw41z4.o(RESET) for __Vectors
    startup_mkw41z4.o(.text) refers to system_mkw41z4.o(.text) for SystemInit
    startup_mkw41z4.o(.text) refers to entry.o(.ARM.Collect$$$$00000000) for __main
    system_mkw41z4.o(.text) refers to uidiv.o(.text) for __aeabi_uidivmod
    system_mkw41z4.o(.text) refers to system_mkw41z4.o(i.__ARM_common_switch8) for __ARM_common_switch8
    system_mkw41z4.o(.text) refers to system_mkw41z4.o(.data) for SystemCoreClock
    freertos_evr.o(.text) refers to eventrecorder.o(.text) for EventRecord2
    event_groups.o(.text) refers to heap_4.o(.text) for pvPortMalloc
    event_groups.o(.text) refers to list.o(.text) for vListInitialise
    event_groups.o(.text) refers to freertos_evr.o(.text) for EvrFreeRTOSEventGroups_EventGroupCreate
    event_groups.o(.text) refers to tasks.o(.text) for vTaskSuspendAll
    event_groups.o(.text) refers to port.o(.text) for vPortYield
    event_groups.o(.text) refers to port.o(.emb_text) for ulSetInterruptMaskFromISR
    heap_4.o(.text) refers to tasks.o(.text) for vTaskSuspendAll
    heap_4.o(.text) refers to freertos_evr.o(.text) for EvrFreeRTOSHeap_Malloc
    heap_4.o(.text) refers to heap_4.o(.data) for xStart
    heap_4.o(.text) refers to heap_4.o(.bss) for ucHeap
    port.o(.emb_text) refers to tasks.o(.data) for pxCurrentTCB
    port.o(.emb_text) refers to tasks.o(.text) for vTaskSwitchContext
    port.o(.text) refers to uidiv.o(.text) for __aeabi_uidivmod
    port.o(.text) refers to port.o(.emb_text) for __asm___6_port_c_39a90d8d__prvPortStartFirstTask
    port.o(.text) refers to tasks.o(.text) for xTaskIncrementTick
    port.o(.text) refers to port.o(.data) for uxCriticalNesting
    port.o(.text) refers to system_mkw41z4.o(.data) for SystemCoreClock
    queue.o(.text) refers to port.o(.text) for vPortEnterCritical
    queue.o(.text) refers to tasks.o(.text) for xTaskRemoveFromEventList
    queue.o(.text) refers to list.o(.text) for vListInitialise
    queue.o(.text) refers to freertos_evr.o(.text) for EvrFreeRTOSQueue_QueueCreate
    queue.o(.text) refers to heap_4.o(.text) for pvPortMalloc
    queue.o(.text) refers to memcpya.o(.text) for __aeabi_memcpy
    queue.o(.text) refers to port.o(.emb_text) for ulSetInterruptMaskFromISR
    tasks.o(.text) refers to list.o(.text) for vListInitialise
    tasks.o(.text) refers to port.o(.text) for vPortEnterCritical
    tasks.o(.text) refers to freertos_evr.o(.text) for EvrFreeRTOSTasks_TaskCreate
    tasks.o(.text) refers to heap_4.o(.text) for pvPortMalloc
    tasks.o(.text) refers to tasks.o(.bss) for pxReadyTasksLists
    tasks.o(.text) refers to tasks.o(.data) for pxDelayedTaskList
    tasks.o(.text) refers to port.o(.emb_text) for ulSetInterruptMaskFromISR
    tasks.o(.text) refers to timers.o(.text) for xTimerCreateTimerTask
    tasks.o(.text) refers to system_mkw41z4.o(i.__ARM_common_switch8) for __ARM_common_switch8
    timers.o(.text) refers to list.o(.text) for vListInsert
    timers.o(.text) refers to tasks.o(.text) for xTaskGetSchedulerState
    timers.o(.text) refers to queue.o(.text) for xQueueGenericSend
    timers.o(.text) refers to freertos_evr.o(.text) for EvrFreeRTOSTimers_TimerCommandSend
    timers.o(.text) refers to system_mkw41z4.o(i.__ARM_common_switch8) for __ARM_common_switch8
    timers.o(.text) refers to heap_4.o(.text) for vPortFree
    timers.o(.text) refers to port.o(.text) for vPortYield
    timers.o(.text) refers to timers.o(.data) for pxOverflowTimerList
    timers.o(.text) refers to timers.o(.bss) for xActiveTimerList1
    entry.o(.ARM.Collect$$$$00000000) refers (Special) to entry10a.o(.ARM.Collect$$$$0000000D) for __rt_final_cpp
    entry.o(.ARM.Collect$$$$00000000) refers (Special) to entry11a.o(.ARM.Collect$$$$0000000F) for __rt_final_exit
    entry.o(.ARM.Collect$$$$00000000) refers (Special) to entry7b.o(.ARM.Collect$$$$00000008) for _main_clock
    entry.o(.ARM.Collect$$$$00000000) refers (Special) to entry8b.o(.ARM.Collect$$$$0000000A) for _main_cpp_init
    entry.o(.ARM.Collect$$$$00000000) refers (Special) to entry9a.o(.ARM.Collect$$$$0000000B) for _main_init
    entry.o(.ARM.Collect$$$$00000000) refers (Special) to entry5.o(.ARM.Collect$$$$00000004) for _main_scatterload
    entry.o(.ARM.Collect$$$$00000000) refers (Special) to entry2.o(.ARM.Collect$$$$00000001) for _main_stk
    entry2.o(.ARM.Collect$$$$00000001) refers to entry2.o(.ARM.Collect$$$$00002712) for __lit__00000000
    entry2.o(.ARM.Collect$$$$00002712) refers to startup_mkw41z4.o(STACK) for __initial_sp
    entry2.o(__vectab_stack_and_reset_area) refers to startup_mkw41z4.o(STACK) for __initial_sp
    entry2.o(__vectab_stack_and_reset_area) refers to entry.o(.ARM.Collect$$$$00000000) for __main
    entry5.o(.ARM.Collect$$$$00000004) refers to init.o(.text) for __scatterload
    entry9a.o(.ARM.Collect$$$$0000000B) refers to main.o(.text) for main
    entry9b.o(.ARM.Collect$$$$0000000C) refers to main.o(.text) for main
    init.o(.text) refers to entry5.o(.ARM.Collect$$$$00000004) for __main_after_scatterload


==============================================================================

Removing Unused input sections from the image.

    Removing main.o(.rev16_text), (4 bytes).
    Removing main.o(.revsh_text), (4 bytes).
    Removing buttons_frdm-kw41z.o(.rev16_text), (4 bytes).
    Removing buttons_frdm-kw41z.o(.revsh_text), (4 bytes).
    Removing buttons_frdm-kw41z.o(.text), (112 bytes).
    Removing led_frdm-kw41z.o(.rev16_text), (4 bytes).
    Removing led_frdm-kw41z.o(.revsh_text), (4 bytes).
    Removing eventrecorder.o(.rev16_text), (4 bytes).
    Removing eventrecorder.o(.revsh_text), (4 bytes).
    Removing startup_mkw41z4.o(HEAP), (0 bytes).
    Removing system_mkw41z4.o(.rev16_text), (4 bytes).
    Removing system_mkw41z4.o(.revsh_text), (4 bytes).
    Removing freertos_evr.o(.rev16_text), (4 bytes).
    Removing freertos_evr.o(.revsh_text), (4 bytes).
    Removing event_groups.o(.text), (1044 bytes).

15 unused section(s) (total 1204 bytes) removed from the image.

==============================================================================

Image Symbol Table

    Local Symbols

    Symbol Name                              Value     Ov Type        Size  Object(Section)

    RESET                                    0x00000000   Section      192  startup_mkw41z4.o(RESET)
    ../clib/microlib/division.c              0x00000000   Number         0  uidiv.o ABSOLUTE
    ../clib/microlib/init/entry.s            0x00000000   Number         0  entry7a.o ABSOLUTE
    ../clib/microlib/init/entry.s            0x00000000   Number         0  entry5.o ABSOLUTE
    ../clib/microlib/init/entry.s            0x00000000   Number         0  entry2.o ABSOLUTE
    ../clib/microlib/init/entry.s            0x00000000   Number         0  entry11b.o ABSOLUTE
    ../clib/microlib/init/entry.s            0x00000000   Number         0  entry11a.o ABSOLUTE
    ../clib/microlib/init/entry.s            0x00000000   Number         0  entry10b.o ABSOLUTE
    ../clib/microlib/init/entry.s            0x00000000   Number         0  entry9b.o ABSOLUTE
    ../clib/microlib/init/entry.s            0x00000000   Number         0  entry9a.o ABSOLUTE
    ../clib/microlib/init/entry.s            0x00000000   Number         0  entry8b.o ABSOLUTE
    ../clib/microlib/init/entry.s            0x00000000   Number         0  entry8a.o ABSOLUTE
    ../clib/microlib/init/entry.s            0x00000000   Number         0  entry10a.o ABSOLUTE
    ../clib/microlib/init/entry.s            0x00000000   Number         0  entry.o ABSOLUTE
    ../clib/microlib/init/entry.s            0x00000000   Number         0  entry7b.o ABSOLUTE
    ../clib/microlib/string/memcpy.c         0x00000000   Number         0  memcpyb.o ABSOLUTE
    ../clib/microlib/string/memcpy.c         0x00000000   Number         0  memcpya.o ABSOLUTE
    ../clib/microlib/string/memset.c         0x00000000   Number         0  memseta.o ABSOLUTE
    C:\Keil_v5\ARM\PACK\ARM\CMSIS-FreeRTOS\9.1.0\CMSIS\RTOS2\FreeRTOS\Source\freertos_evr.c 0x00000000   Number         0  freertos_evr.o ABSOLUTE
    C:\Keil_v5\ARM\PACK\ARM\CMSIS-FreeRTOS\9.1.0\Source\croutine.c 0x00000000   Number         0  croutine.o ABSOLUTE
    C:\Keil_v5\ARM\PACK\ARM\CMSIS-FreeRTOS\9.1.0\Source\event_groups.c 0x00000000   Number         0  event_groups.o ABSOLUTE
    C:\Keil_v5\ARM\PACK\ARM\CMSIS-FreeRTOS\9.1.0\Source\list.c 0x00000000   Number         0  list.o ABSOLUTE
    C:\Keil_v5\ARM\PACK\ARM\CMSIS-FreeRTOS\9.1.0\Source\portable\MemMang\heap_4.c 0x00000000   Number         0  heap_4.o ABSOLUTE
    C:\Keil_v5\ARM\PACK\ARM\CMSIS-FreeRTOS\9.1.0\Source\portable\RVDS\ARM_CM0\port.c 0x00000000   Number         0  port.o ABSOLUTE
    C:\Keil_v5\ARM\PACK\ARM\CMSIS-FreeRTOS\9.1.0\Source\queue.c 0x00000000   Number         0  queue.o ABSOLUTE
    C:\Keil_v5\ARM\PACK\ARM\CMSIS-FreeRTOS\9.1.0\Source\tasks.c 0x00000000   Number         0  tasks.o ABSOLUTE
    C:\Keil_v5\ARM\PACK\ARM\CMSIS-FreeRTOS\9.1.0\Source\timers.c 0x00000000   Number         0  timers.o ABSOLUTE
    C:\Keil_v5\ARM\PACK\Keil\ARM_Compiler\1.3.1\Source\EventRecorder.c 0x00000000   Number         0  eventrecorder.o ABSOLUTE
    C:\Keil_v5\ARM\PACK\Keil\Kinetis_KWxx_DFP\1.7.0\Boards\NXP\FRDM-KW41Z\Common\Buttons_FRDM-KW41Z.c 0x00000000   Number         0  buttons_frdm-kw41z.o ABSOLUTE
    C:\Keil_v5\ARM\PACK\Keil\Kinetis_KWxx_DFP\1.7.0\Boards\NXP\FRDM-KW41Z\Common\LED_FRDM-KW41Z.c 0x00000000   Number         0  led_frdm-kw41z.o ABSOLUTE
    C:\\Keil_v5\\ARM\\PACK\\ARM\\CMSIS-FreeRTOS\\9.1.0\\CMSIS\\RTOS2\\FreeRTOS\\Source\\freertos_evr.c 0x00000000   Number         0  freertos_evr.o ABSOLUTE
    C:\\Keil_v5\\ARM\\PACK\\ARM\\CMSIS-FreeRTOS\\9.1.0\\Source\\portable\\RVDS\\ARM_CM0\\port.c 0x00000000   Number         0  port.o ABSOLUTE
    C:\\Keil_v5\\ARM\\PACK\\Keil\\ARM_Compiler\\1.3.1\\Source\\EventRecorder.c 0x00000000   Number         0  eventrecorder.o ABSOLUTE
    C:\\Keil_v5\\ARM\\PACK\\Keil\\Kinetis_KWxx_DFP\\1.7.0\\Boards\\NXP\\FRDM-KW41Z\\Common\\Buttons_FRDM-KW41Z.c 0x00000000   Number         0  buttons_frdm-kw41z.o ABSOLUTE
    C:\\Keil_v5\\ARM\\PACK\\Keil\\Kinetis_KWxx_DFP\\1.7.0\\Boards\\NXP\\FRDM-KW41Z\\Common\\LED_FRDM-KW41Z.c 0x00000000   Number         0  led_frdm-kw41z.o ABSOLUTE
    RTE\Device\MKW41Z512xxx4\startup_MKW41Z4.s 0x00000000   Number         0  startup_mkw41z4.o ABSOLUTE
    RTE\Device\MKW41Z512xxx4\system_MKW41Z4.c 0x00000000   Number         0  system_mkw41z4.o ABSOLUTE
    RTE\\Device\\MKW41Z512xxx4\\system_MKW41Z4.c 0x00000000   Number         0  system_mkw41z4.o ABSOLUTE
    dc.s                                     0x00000000   Number         0  dc.o ABSOLUTE
    handlers.s                               0x00000000   Number         0  handlers.o ABSOLUTE
    init.s                                   0x00000000   Number         0  init.o ABSOLUTE
    main.c                                   0x00000000   Number         0  main.o ABSOLUTE
    main.c                                   0x00000000   Number         0  main.o ABSOLUTE
    .ARM.Collect$$$$00000000                 0x000000c0   Section        0  entry.o(.ARM.Collect$$$$00000000)
    .ARM.Collect$$$$00000001                 0x000000c0   Section        4  entry2.o(.ARM.Collect$$$$00000001)
    .ARM.Collect$$$$00000004                 0x000000c4   Section        4  entry5.o(.ARM.Collect$$$$00000004)
    .ARM.Collect$$$$00000008                 0x000000c8   Section        0  entry7b.o(.ARM.Collect$$$$00000008)
    .ARM.Collect$$$$0000000A                 0x000000c8   Section        0  entry8b.o(.ARM.Collect$$$$0000000A)
    .ARM.Collect$$$$0000000B                 0x000000c8   Section        8  entry9a.o(.ARM.Collect$$$$0000000B)
    .ARM.Collect$$$$0000000D                 0x000000d0   Section        0  entry10a.o(.ARM.Collect$$$$0000000D)
    .ARM.Collect$$$$0000000F                 0x000000d0   Section        0  entry11a.o(.ARM.Collect$$$$0000000F)
    .ARM.Collect$$$$00002712                 0x000000d0   Section        4  entry2.o(.ARM.Collect$$$$00002712)
    __lit__00000000                          0x000000d0   Data           4  entry2.o(.ARM.Collect$$$$00002712)
    .emb_text                                0x000000d4   Section      120  port.o(.emb_text)
    .text                                    0x0000014c   Section        0  main.o(.text)
    slow_led                                 0x0000014d   Thumb Code    32  main.o(.text)
    fast_led                                 0x0000016d   Thumb Code    32  main.o(.text)
    .text                                    0x000001e0   Section        0  led_frdm-kw41z.o(.text)
    .text                                    0x000002f0   Section      124  startup_mkw41z4.o(.text)
    .text                                    0x0000036c   Section        0  uidiv.o(.text)
    .text                                    0x00000398   Section        0  memcpya.o(.text)
    .text                                    0x000003bc   Section        0  memseta.o(.text)
    i.__ARM_common_switch8                   0x000003e0   Section        0  system_mkw41z4.o(i.__ARM_common_switch8)
    i.__scatterload_null                     0x000003fc   Section        2  handlers.o(i.__scatterload_null)
    .ARM.__at_0x400                          0x00000400   Section       16  startup_mkw41z4.o(.ARM.__at_0x400)
    .text                                    0x00000410   Section        0  eventrecorder.o(.text)
    atomic_inc8                              0x00000411   Thumb Code    28  eventrecorder.o(.text)
    atomic_inc32                             0x0000042d   Thumb Code    28  eventrecorder.o(.text)
    atomic_xch32                             0x00000449   Thumb Code    28  eventrecorder.o(.text)
    crc16_ccitt                              0x00000465   Thumb Code    58  eventrecorder.o(.text)
    EventRecordItem                          0x0000049f   Thumb Code   314  eventrecorder.o(.text)
    EventCheckFilter                         0x000005d9   Thumb Code    34  eventrecorder.o(.text)
    EventGetTS                               0x0000060b   Thumb Code    42  eventrecorder.o(.text)
    __get_PRIMASK                            0x00000a4d   Thumb Code     6  eventrecorder.o(.text)
    GetContext                               0x00000a53   Thumb Code    10  eventrecorder.o(.text)
    .text                                    0x00000a68   Section        0  system_mkw41z4.o(.text)
    .text                                    0x00000bfc   Section        0  freertos_evr.o(.text)
    .text                                    0x00001178   Section        0  list.o(.text)
    .text                                    0x00001210   Section        0  heap_4.o(.text)
    prvInsertBlockIntoFreeList               0x00001211   Thumb Code    96  heap_4.o(.text)
    prvHeapInit                              0x00001271   Thumb Code   100  heap_4.o(.text)
    .text                                    0x0000148c   Section        0  port.o(.text)
    prvTaskExitError                         0x0000148d   Thumb Code    32  port.o(.text)
    prvSetupTimerInterrupt                   0x000014c9   Thumb Code    26  port.o(.text)
    .text                                    0x000015b0   Section        0  queue.o(.text)
    prvInitialiseNewQueue                    0x00001633   Thumb Code    44  queue.o(.text)
    prvCopyDataToQueue                       0x000016af   Thumb Code   128  queue.o(.text)
    prvNotifyQueueSetContainer               0x0000172f   Thumb Code   128  queue.o(.text)
    prvUnlockQueue                           0x000017af   Thumb Code   166  queue.o(.text)
    prvIsQueueFull                           0x00001855   Thumb Code    30  queue.o(.text)
    prvInitialiseMutex                       0x000019fd   Thumb Code    42  queue.o(.text)
    prvIsQueueEmpty                          0x00001a8d   Thumb Code    28  queue.o(.text)
    prvCopyDataFromQueue                     0x00001aa9   Thumb Code    44  queue.o(.text)
    .text                                    0x00002180   Section        0  tasks.o(.text)
    prvInitialiseTaskLists                   0x00002181   Thumb Code    68  tasks.o(.text)
    prvAddNewTaskToReadyList                 0x000021c5   Thumb Code   158  tasks.o(.text)
    prvInitialiseNewTask                     0x00002263   Thumb Code   164  tasks.o(.text)
    prvResetNextTaskUnblockTime              0x00002363   Thumb Code    46  tasks.o(.text)
    prvDeleteTCB                             0x00002391   Thumb Code    18  tasks.o(.text)
    prvAddCurrentTaskToDelayedList           0x0000268b   Thumb Code   100  tasks.o(.text)
    prvTaskIsTaskSuspended                   0x00002ab5   Thumb Code    74  tasks.o(.text)
    prvCheckTasksWaitingTermination          0x00002bfd   Thumb Code    90  tasks.o(.text)
    prvIdleTask                              0x00002c57   Thumb Code    20  tasks.o(.text)
    .text                                    0x0000351c   Section        0  timers.o(.text)
    prvInsertTimerInActiveList               0x0000351d   Thumb Code    76  timers.o(.text)
    prvSwitchTimerLists                      0x000035e3   Thumb Code   140  timers.o(.text)
    prvSampleTimeNow                         0x0000366f   Thumb Code    40  timers.o(.text)
    prvProcessReceivedCommands               0x00003697   Thumb Code   238  timers.o(.text)
    prvProcessExpiredTimer                   0x00003785   Thumb Code    88  timers.o(.text)
    prvProcessTimerOrBlockTask               0x000037dd   Thumb Code   100  timers.o(.text)
    prvGetNextExpireTime                     0x00003841   Thumb Code    40  timers.o(.text)
    prvTimerTask                             0x00003869   Thumb Code    26  timers.o(.text)
    prvCheckForValidListAndQueue             0x00003883   Thumb Code    58  timers.o(.text)
    prvInitialiseNewTimer                    0x000038f3   Thumb Code   110  timers.o(.text)
    .text                                    0x00003a50   Section       36  init.o(.text)
    i.__scatterload_copy                     0x00003a74   Section       14  handlers.o(i.__scatterload_copy)
    i.__scatterload_zeroinit                 0x00003a82   Section       14  handlers.o(i.__scatterload_zeroinit)
    .constdata                               0x00003a90   Section       48  led_frdm-kw41z.o(.constdata)
    .constdata                               0x00003ac0   Section       24  eventrecorder.o(.constdata)
    __tagsym$$used                           0x00003ac0   Number         0  eventrecorder.o(.constdata)
    .data                                    0x20000000   Section        4  system_mkw41z4.o(.data)
    .data                                    0x20000004   Section       24  heap_4.o(.data)
    xStart                                   0x20000004   Data           8  heap_4.o(.data)
    pxEnd                                    0x2000000c   Data           4  heap_4.o(.data)
    xFreeBytesRemaining                      0x20000010   Data           4  heap_4.o(.data)
    xMinimumEverFreeBytesRemaining           0x20000014   Data           4  heap_4.o(.data)
    xBlockAllocatedBit                       0x20000018   Data           4  heap_4.o(.data)
    .data                                    0x2000001c   Section        4  port.o(.data)
    uxCriticalNesting                        0x2000001c   Data           4  port.o(.data)
    .data                                    0x20000020   Section       60  tasks.o(.data)
    pxDelayedTaskList                        0x20000024   Data           4  tasks.o(.data)
    pxOverflowDelayedTaskList                0x20000028   Data           4  tasks.o(.data)
    uxDeletedTasksWaitingCleanUp             0x2000002c   Data           4  tasks.o(.data)
    uxCurrentNumberOfTasks                   0x20000030   Data           4  tasks.o(.data)
    xTickCount                               0x20000034   Data           4  tasks.o(.data)
    uxTopReadyPriority                       0x20000038   Data           4  tasks.o(.data)
    xSchedulerRunning                        0x2000003c   Data           4  tasks.o(.data)
    uxPendedTicks                            0x20000040   Data           4  tasks.o(.data)
    xYieldPending                            0x20000044   Data           4  tasks.o(.data)
    xNumOfOverflows                          0x20000048   Data           4  tasks.o(.data)
    uxTaskNumber                             0x2000004c   Data           4  tasks.o(.data)
    xNextTaskUnblockTime                     0x20000050   Data           4  tasks.o(.data)
    xIdleTaskHandle                          0x20000054   Data           4  tasks.o(.data)
    uxSchedulerSuspended                     0x20000058   Data           4  tasks.o(.data)
    .data                                    0x2000005c   Section       20  timers.o(.data)
    pxCurrentTimerList                       0x2000005c   Data           4  timers.o(.data)
    pxOverflowTimerList                      0x20000060   Data           4  timers.o(.data)
    xTimerQueue                              0x20000064   Data           4  timers.o(.data)
    xTimerTaskHandle                         0x20000068   Data           4  timers.o(.data)
    xLastTime                                0x2000006c   Data           4  timers.o(.data)
    .bss                                     0x20000070   Section     4096  heap_4.o(.bss)
    ucHeap                                   0x20000070   Data        4096  heap_4.o(.bss)
    .bss                                     0x20001070   Section      200  tasks.o(.bss)
    pxReadyTasksLists                        0x20001070   Data         100  tasks.o(.bss)
    xDelayedTaskList1                        0x200010d4   Data          20  tasks.o(.bss)
    xDelayedTaskList2                        0x200010e8   Data          20  tasks.o(.bss)
    xPendingReadyList                        0x200010fc   Data          20  tasks.o(.bss)
    xTasksWaitingTermination                 0x20001110   Data          20  tasks.o(.bss)
    xSuspendedTaskList                       0x20001124   Data          20  tasks.o(.bss)
    .bss                                     0x20001138   Section       40  timers.o(.bss)
    xActiveTimerList1                        0x20001138   Data          20  timers.o(.bss)
    xActiveTimerList2                        0x2000114c   Data          20  timers.o(.bss)
    .noinit                                  0x20001180   Section     1192  eventrecorder.o(.noinit)
    EventBuffer                              0x20001180   Data        1024  eventrecorder.o(.noinit)
    EventFilter                              0x20001580   Data         128  eventrecorder.o(.noinit)
    EventStatus                              0x20001600   Data          36  eventrecorder.o(.noinit)
    TimeStamp                                0x20001624   Data           4  eventrecorder.o(.noinit)
    STACK                                    0x20001628   Section     1024  startup_mkw41z4.o(STACK)

    Global Symbols

    Symbol Name                              Value     Ov Type        Size  Object(Section)

    BuildAttributes$$THM_ISAv3M$S$PE$A:L22$X:L11$S22$IEEE1$IW$USESV6$~STKCKD$USESV7$~SHL$OSPACE$EBA8$MICROLIB$REQ8$PRES8$EABIv2 0x00000000   Number         0  anon$$obj.o ABSOLUTE
    __ARM_use_no_argv                        0x00000000   Number         0  main.o ABSOLUTE
    __Vectors                                0x00000000   Data           4  startup_mkw41z4.o(RESET)
    __cpp_initialize__aeabi_                  - Undefined Weak Reference
    __cxa_finalize                            - Undefined Weak Reference
    __decompress                              - Undefined Weak Reference
    _clock_init                               - Undefined Weak Reference
    _microlib_exit                            - Undefined Weak Reference
    __Vectors_End                            0x000000c0   Data           0  startup_mkw41z4.o(RESET)
    __Vectors_Size                           0x000000c0   Number         0  startup_mkw41z4.o ABSOLUTE
    __main                                   0x000000c1   Thumb Code     0  entry.o(.ARM.Collect$$$$00000000)
    _main_stk                                0x000000c1   Thumb Code     0  entry2.o(.ARM.Collect$$$$00000001)
    _main_scatterload                        0x000000c5   Thumb Code     0  entry5.o(.ARM.Collect$$$$00000004)
    __main_after_scatterload                 0x000000c9   Thumb Code     0  entry5.o(.ARM.Collect$$$$00000004)
    _main_clock                              0x000000c9   Thumb Code     0  entry7b.o(.ARM.Collect$$$$00000008)
    _main_cpp_init                           0x000000c9   Thumb Code     0  entry8b.o(.ARM.Collect$$$$0000000A)
    _main_init                               0x000000c9   Thumb Code     0  entry9a.o(.ARM.Collect$$$$0000000B)
    __rt_final_cpp                           0x000000d1   Thumb Code     0  entry10a.o(.ARM.Collect$$$$0000000D)
    __rt_final_exit                          0x000000d1   Thumb Code     0  entry11a.o(.ARM.Collect$$$$0000000F)
    __asm___6_port_c_39a90d8d__prvPortStartFirstTask 0x000000d5   Thumb Code    36  port.o(.emb_text)
    ulSetInterruptMaskFromISR                0x000000fd   Thumb Code     8  port.o(.emb_text)
    vClearInterruptMaskFromISR               0x00000105   Thumb Code     6  port.o(.emb_text)
    PendSV_Handler                           0x0000010b   Thumb Code    62  port.o(.emb_text)
    main                                     0x0000018d   Thumb Code    58  main.o(.text)
    LED_Initialize                           0x000001e1   Thumb Code   148  led_frdm-kw41z.o(.text)
    LED_Uninitialize                         0x00000275   Thumb Code     4  led_frdm-kw41z.o(.text)
    LED_On                                   0x00000279   Thumb Code    28  led_frdm-kw41z.o(.text)
    LED_Off                                  0x00000295   Thumb Code    28  led_frdm-kw41z.o(.text)
    LED_SetOut                               0x000002b1   Thumb Code    42  led_frdm-kw41z.o(.text)
    LED_GetCount                             0x000002db   Thumb Code     4  led_frdm-kw41z.o(.text)
    Reset_Handler                            0x000002f1   Thumb Code    18  startup_mkw41z4.o(.text)
    NMI_Handler                              0x00000303   Thumb Code     2  startup_mkw41z4.o(.text)
    HardFault_Handler                        0x00000305   Thumb Code     2  startup_mkw41z4.o(.text)
    DMA0_IRQHandler                          0x0000030d   Thumb Code     4  startup_mkw41z4.o(.text)
    DMA1_IRQHandler                          0x00000311   Thumb Code     4  startup_mkw41z4.o(.text)
    DMA2_IRQHandler                          0x00000315   Thumb Code     4  startup_mkw41z4.o(.text)
    DMA3_IRQHandler                          0x00000319   Thumb Code     4  startup_mkw41z4.o(.text)
    I2C0_IRQHandler                          0x0000031d   Thumb Code     4  startup_mkw41z4.o(.text)
    I2C1_IRQHandler                          0x00000321   Thumb Code     4  startup_mkw41z4.o(.text)
    SPI0_IRQHandler                          0x00000325   Thumb Code     4  startup_mkw41z4.o(.text)
    LPUART0_IRQHandler                       0x00000329   Thumb Code     4  startup_mkw41z4.o(.text)
    SPI1_IRQHandler                          0x0000032d   Thumb Code     4  startup_mkw41z4.o(.text)
    ADC0_IRQHandler                          0x00000331   Thumb Code     0  startup_mkw41z4.o(.text)
    CMP0_IRQHandler                          0x00000331   Thumb Code     0  startup_mkw41z4.o(.text)
    CMT_IRQHandler                           0x00000331   Thumb Code     0  startup_mkw41z4.o(.text)
    DAC0_IRQHandler                          0x00000331   Thumb Code     0  startup_mkw41z4.o(.text)
    DMA0_DriverIRQHandler                    0x00000331   Thumb Code     0  startup_mkw41z4.o(.text)
    DMA1_DriverIRQHandler                    0x00000331   Thumb Code     0  startup_mkw41z4.o(.text)
    DMA2_DriverIRQHandler                    0x00000331   Thumb Code     0  startup_mkw41z4.o(.text)
    DMA3_DriverIRQHandler                    0x00000331   Thumb Code     0  startup_mkw41z4.o(.text)
    DefaultISR                               0x00000331   Thumb Code     0  startup_mkw41z4.o(.text)
    FTFA_IRQHandler                          0x00000331   Thumb Code     0  startup_mkw41z4.o(.text)
    I2C0_DriverIRQHandler                    0x00000331   Thumb Code     0  startup_mkw41z4.o(.text)
    I2C1_DriverIRQHandler                    0x00000331   Thumb Code     0  startup_mkw41z4.o(.text)
    LLWU_IRQHandler                          0x00000331   Thumb Code     0  startup_mkw41z4.o(.text)
    LPTMR0_IRQHandler                        0x00000331   Thumb Code     0  startup_mkw41z4.o(.text)
    LPUART0_DriverIRQHandler                 0x00000331   Thumb Code     0  startup_mkw41z4.o(.text)
    LTC0_IRQHandler                          0x00000331   Thumb Code     0  startup_mkw41z4.o(.text)
    LVD_LVW_DCDC_IRQHandler                  0x00000331   Thumb Code     0  startup_mkw41z4.o(.text)
    MCG_IRQHandler                           0x00000331   Thumb Code     0  startup_mkw41z4.o(.text)
    PIT_IRQHandler                           0x00000331   Thumb Code     0  startup_mkw41z4.o(.text)
    PORTA_IRQHandler                         0x00000331   Thumb Code     0  startup_mkw41z4.o(.text)
    PORTB_PORTC_IRQHandler                   0x00000331   Thumb Code     0  startup_mkw41z4.o(.text)
    RTC_IRQHandler                           0x00000331   Thumb Code     0  startup_mkw41z4.o(.text)
    RTC_Seconds_IRQHandler                   0x00000331   Thumb Code     0  startup_mkw41z4.o(.text)
    Radio_0_IRQHandler                       0x00000331   Thumb Code     0  startup_mkw41z4.o(.text)
    Radio_1_IRQHandler                       0x00000331   Thumb Code     0  startup_mkw41z4.o(.text)
    Reserved20_IRQHandler                    0x00000331   Thumb Code     0  startup_mkw41z4.o(.text)
    SPI0_DriverIRQHandler                    0x00000331   Thumb Code     0  startup_mkw41z4.o(.text)
    SPI1_DriverIRQHandler                    0x00000331   Thumb Code     0  startup_mkw41z4.o(.text)
    TPM0_IRQHandler                          0x00000331   Thumb Code     0  startup_mkw41z4.o(.text)
    TPM1_IRQHandler                          0x00000331   Thumb Code     0  startup_mkw41z4.o(.text)
    TPM2_IRQHandler                          0x00000331   Thumb Code     0  startup_mkw41z4.o(.text)
    TRNG0_IRQHandler                         0x00000331   Thumb Code     0  startup_mkw41z4.o(.text)
    TSI0_IRQHandler                          0x00000331   Thumb Code     0  startup_mkw41z4.o(.text)
    __aeabi_uidiv                            0x0000036d   Thumb Code     0  uidiv.o(.text)
    __aeabi_uidivmod                         0x0000036d   Thumb Code    44  uidiv.o(.text)
    __aeabi_memcpy                           0x00000399   Thumb Code    36  memcpya.o(.text)
    __aeabi_memcpy4                          0x00000399   Thumb Code     0  memcpya.o(.text)
    __aeabi_memcpy8                          0x00000399   Thumb Code     0  memcpya.o(.text)
    __aeabi_memset                           0x000003bd   Thumb Code    14  memseta.o(.text)
    __aeabi_memset4                          0x000003bd   Thumb Code     0  memseta.o(.text)
    __aeabi_memset8                          0x000003bd   Thumb Code     0  memseta.o(.text)
    __aeabi_memclr                           0x000003cb   Thumb Code     4  memseta.o(.text)
    __aeabi_memclr4                          0x000003cb   Thumb Code     0  memseta.o(.text)
    __aeabi_memclr8                          0x000003cb   Thumb Code     0  memseta.o(.text)
    _memset$wrapper                          0x000003cf   Thumb Code    18  memseta.o(.text)
    __ARM_common_switch8                     0x000003e1   Thumb Code    28  system_mkw41z4.o(i.__ARM_common_switch8)
    __scatterload_null                       0x000003fd   Thumb Code     2  handlers.o(i.__scatterload_null)
    EventRecorderTimerGet                    0x000005fb   Thumb Code    16  eventrecorder.o(.text)
    EventRecorderTimerInit                   0x00000635   Thumb Code     8  eventrecorder.o(.text)
    EventRecorderEnable                      0x0000063d   Thumb Code    84  eventrecorder.o(.text)
    EventRecorderInitialize                  0x00000691   Thumb Code   230  eventrecorder.o(.text)
    EventRecorderDisable                     0x00000777   Thumb Code    84  eventrecorder.o(.text)
    EventRecorderStart                       0x000007cb   Thumb Code    48  eventrecorder.o(.text)
    EventRecorderStop                        0x000007fb   Thumb Code    48  eventrecorder.o(.text)
    EventRecordData                          0x0000082b   Thumb Code   352  eventrecorder.o(.text)
    EventRecord2                             0x0000098b   Thumb Code    76  eventrecorder.o(.text)
    EventRecord4                             0x000009d7   Thumb Code   118  eventrecorder.o(.text)
    SystemInit                               0x00000a69   Thumb Code     8  system_mkw41z4.o(.text)
    SystemCoreClockUpdate                    0x00000a71   Thumb Code   368  system_mkw41z4.o(.text)
    EvrFreeRTOSTasks_TaskCreate              0x00000bfd   Thumb Code    18  freertos_evr.o(.text)
    EvrFreeRTOSTasks_TaskCreateFailed        0x00000c0f   Thumb Code    14  freertos_evr.o(.text)
    EvrFreeRTOSTasks_TaskDelete              0x00000c1d   Thumb Code    16  freertos_evr.o(.text)
    EvrFreeRTOSTasks_TaskDelayUntil          0x00000c2d   Thumb Code    18  freertos_evr.o(.text)
    EvrFreeRTOSTasks_TaskDelay               0x00000c3f   Thumb Code    18  freertos_evr.o(.text)
    EvrFreeRTOSTasks_TaskPrioritySet         0x00000c51   Thumb Code    20  freertos_evr.o(.text)
    EvrFreeRTOSTasks_TaskSuspend             0x00000c65   Thumb Code    18  freertos_evr.o(.text)
    EvrFreeRTOSTasks_TaskResume              0x00000c77   Thumb Code    18  freertos_evr.o(.text)
    EvrFreeRTOSTasks_TaskResumeFromIsr       0x00000c89   Thumb Code    18  freertos_evr.o(.text)
    EvrFreeRTOSTasks_TaskIncrementTick       0x00000c9b   Thumb Code    16  freertos_evr.o(.text)
    EvrFreeRTOSTasks_IncreaseTickCount       0x00000cab   Thumb Code    18  freertos_evr.o(.text)
    EvrFreeRTOSTasks_TaskSwitchedOut         0x00000cbd   Thumb Code    18  freertos_evr.o(.text)
    EvrFreeRTOSTasks_TaskSwitchedIn          0x00000ccf   Thumb Code    20  freertos_evr.o(.text)
    EvrFreeRTOSTasks_TaskPriorityInherit     0x00000ce3   Thumb Code    20  freertos_evr.o(.text)
    EvrFreeRTOSTasks_TaskPriorityDisinherit  0x00000cf7   Thumb Code    20  freertos_evr.o(.text)
    EvrFreeRTOSTasks_MovedTaskToReadyState   0x00000d0b   Thumb Code    18  freertos_evr.o(.text)
    EvrFreeRTOSTasks_PostMovedTaskToReadyState 0x00000d1d   Thumb Code    18  freertos_evr.o(.text)
    EvrFreeRTOSTasks_LowPowerIdleBegin       0x00000d2f   Thumb Code    18  freertos_evr.o(.text)
    EvrFreeRTOSTasks_LowPowerIdleEnd         0x00000d41   Thumb Code    16  freertos_evr.o(.text)
    EvrFreeRTOSTasks_TaskNotifyTakeBlock     0x00000d51   Thumb Code    18  freertos_evr.o(.text)
    EvrFreeRTOSTasks_TaskNotifyTake          0x00000d63   Thumb Code    18  freertos_evr.o(.text)
    EvrFreeRTOSTasks_TaskNotifyWaitBlock     0x00000d75   Thumb Code    18  freertos_evr.o(.text)
    EvrFreeRTOSTasks_TaskNotifyWait          0x00000d87   Thumb Code    18  freertos_evr.o(.text)
    EvrFreeRTOSTasks_TaskNotify              0x00000d99   Thumb Code    28  freertos_evr.o(.text)
    EvrFreeRTOSTasks_TaskNotifyFromIsr       0x00000db5   Thumb Code    28  freertos_evr.o(.text)
    EvrFreeRTOSTasks_TaskNotifyGiveFromIsr   0x00000dd1   Thumb Code    20  freertos_evr.o(.text)
    EvrFreeRTOSQueue_QueueCreate             0x00000de5   Thumb Code    18  freertos_evr.o(.text)
    EvrFreeRTOSQueue_QueueCreateFailed       0x00000df7   Thumb Code    16  freertos_evr.o(.text)
    EvrFreeRTOSQueue_CreateMutex             0x00000e07   Thumb Code    16  freertos_evr.o(.text)
    EvrFreeRTOSQueue_CreateMutexFailed       0x00000e17   Thumb Code    16  freertos_evr.o(.text)
    EvrFreeRTOSQueue_GiveMutexRecursive      0x00000e27   Thumb Code    18  freertos_evr.o(.text)
    EvrFreeRTOSQueue_GiveMutexRecursiveFailed 0x00000e39   Thumb Code    18  freertos_evr.o(.text)
    EvrFreeRTOSQueue_TakeMutexRecursive      0x00000e4b   Thumb Code    18  freertos_evr.o(.text)
    EvrFreeRTOSQueue_TakeMutexRecursiveFailed 0x00000e5d   Thumb Code    18  freertos_evr.o(.text)
    EvrFreeRTOSQueue_CreateCountingSemaphore 0x00000e6f   Thumb Code    18  freertos_evr.o(.text)
    EvrFreeRTOSQueue_CreateCountingSemaphoreFailed 0x00000e81   Thumb Code    16  freertos_evr.o(.text)
    EvrFreeRTOSQueue_QueueSend               0x00000e91   Thumb Code    18  freertos_evr.o(.text)
    EvrFreeRTOSQueue_QueueSendFailed         0x00000ea3   Thumb Code    18  freertos_evr.o(.text)
    EvrFreeRTOSQueue_QueueReceive            0x00000eb5   Thumb Code    18  freertos_evr.o(.text)
    EvrFreeRTOSQueue_QueuePeek               0x00000ec7   Thumb Code    18  freertos_evr.o(.text)
    EvrFreeRTOSQueue_QueuePeekFromIsr        0x00000ed9   Thumb Code    18  freertos_evr.o(.text)
    EvrFreeRTOSQueue_QueueReceiveFailed      0x00000eeb   Thumb Code    18  freertos_evr.o(.text)
    EvrFreeRTOSQueue_QueueSendFromIsr        0x00000efd   Thumb Code    18  freertos_evr.o(.text)
    EvrFreeRTOSQueue_QueueSendFromIsrFailed  0x00000f0f   Thumb Code    18  freertos_evr.o(.text)
    EvrFreeRTOSQueue_QueueReceiveFromIsr     0x00000f21   Thumb Code    18  freertos_evr.o(.text)
    EvrFreeRTOSQueue_QueueReceiveFromIsrFailed 0x00000f33   Thumb Code    18  freertos_evr.o(.text)
    EvrFreeRTOSQueue_QueuePeekFromIsrFailed  0x00000f45   Thumb Code    18  freertos_evr.o(.text)
    EvrFreeRTOSQueue_QueueDelete             0x00000f57   Thumb Code    18  freertos_evr.o(.text)
    EvrFreeRTOSQueue_QueueRegistryAdd        0x00000f69   Thumb Code    20  freertos_evr.o(.text)
    EvrFreeRTOSQueue_BlockingOnQueueReceive  0x00000f7d   Thumb Code    18  freertos_evr.o(.text)
    EvrFreeRTOSQueue_BlockingOnQueueSend     0x00000f8f   Thumb Code    18  freertos_evr.o(.text)
    EvrFreeRTOSTimers_TimerCreate            0x00000fa1   Thumb Code    18  freertos_evr.o(.text)
    EvrFreeRTOSTimers_TimerCreateFailed      0x00000fb3   Thumb Code    14  freertos_evr.o(.text)
    EvrFreeRTOSTimers_TimerCommandSend       0x00000fc1   Thumb Code    26  freertos_evr.o(.text)
    EvrFreeRTOSTimers_TimerCommandReceived   0x00000fdb   Thumb Code    58  freertos_evr.o(.text)
    EvrFreeRTOSTimers_TimerExpired           0x00001015   Thumb Code    16  freertos_evr.o(.text)
    EvrFreeRTOSTimers_PendFuncCall           0x00001025   Thumb Code    28  freertos_evr.o(.text)
    EvrFreeRTOSTimers_PendFuncCallFromIsr    0x00001041   Thumb Code    28  freertos_evr.o(.text)
    EvrFreeRTOSEventGroups_EventGroupCreate  0x0000105d   Thumb Code    18  freertos_evr.o(.text)
    EvrFreeRTOSEventGroups_EventGroupCreateFailed 0x0000106f   Thumb Code    14  freertos_evr.o(.text)
    EvrFreeRTOSEventGroups_EventGroupSyncBlock 0x0000107d   Thumb Code    28  freertos_evr.o(.text)
    EvrFreeRTOSEventGroups_EventGroupSyncEnd 0x00001099   Thumb Code    28  freertos_evr.o(.text)
    EvrFreeRTOSEventGroups_EventGroupWaitBitsBlock 0x000010b5   Thumb Code    18  freertos_evr.o(.text)
    EvrFreeRTOSEventGroups_EventGroupWaitBitsEnd 0x000010c7   Thumb Code    28  freertos_evr.o(.text)
    EvrFreeRTOSEventGroups_EventGroupClearBits 0x000010e3   Thumb Code    20  freertos_evr.o(.text)
    EvrFreeRTOSEventGroups_EventGroupClearBitsFromIsr 0x000010f7   Thumb Code    20  freertos_evr.o(.text)
    EvrFreeRTOSEventGroups_EventGroupSetBits 0x0000110b   Thumb Code    20  freertos_evr.o(.text)
    EvrFreeRTOSEventGroups_EventGroupSetBitsFromIsr 0x0000111f   Thumb Code    20  freertos_evr.o(.text)
    EvrFreeRTOSEventGroups_EventGroupDelete  0x00001133   Thumb Code    18  freertos_evr.o(.text)
    EvrFreeRTOSHeap_Malloc                   0x00001145   Thumb Code    20  freertos_evr.o(.text)
    EvrFreeRTOSHeap_Free                     0x00001159   Thumb Code    20  freertos_evr.o(.text)
    vListInitialise                          0x00001179   Thumb Code    26  list.o(.text)
    vListInitialiseItem                      0x00001193   Thumb Code     6  list.o(.text)
    vListInsertEnd                           0x00001199   Thumb Code    24  list.o(.text)
    vListInsert                              0x000011b1   Thumb Code    54  list.o(.text)
    uxListRemove                             0x000011e7   Thumb Code    40  list.o(.text)
    pvPortMalloc                             0x000012d5   Thumb Code   272  heap_4.o(.text)
    vPortFree                                0x000013e5   Thumb Code   128  heap_4.o(.text)
    xPortGetFreeHeapSize                     0x00001465   Thumb Code     6  heap_4.o(.text)
    xPortGetMinimumEverFreeHeapSize          0x0000146b   Thumb Code     6  heap_4.o(.text)
    vPortInitialiseBlocks                    0x00001471   Thumb Code     2  heap_4.o(.text)
    pxPortInitialiseStack                    0x000014ad   Thumb Code    26  port.o(.text)
    SVC_Handler                              0x000014c7   Thumb Code     2  port.o(.text)
    xPortStartScheduler                      0x000014e3   Thumb Code    48  port.o(.text)
    vPortEndScheduler                        0x00001513   Thumb Code    30  port.o(.text)
    vPortYield                               0x00001531   Thumb Code    18  port.o(.text)
    vPortEnterCritical                       0x00001543   Thumb Code    22  port.o(.text)
    vPortExitCritical                        0x00001559   Thumb Code    36  port.o(.text)
    SysTick_Handler                          0x0000157d   Thumb Code    32  port.o(.text)
    xQueueGenericReset                       0x000015b1   Thumb Code   130  queue.o(.text)
    xQueueGenericCreate                      0x0000165f   Thumb Code    80  queue.o(.text)
    xQueueGenericSend                        0x00001873   Thumb Code   394  queue.o(.text)
    xQueueCreateMutex                        0x00001a27   Thumb Code    30  queue.o(.text)
    xQueueGiveMutexRecursive                 0x00001a45   Thumb Code    72  queue.o(.text)
    xQueueGenericReceive                     0x00001ad5   Thumb Code   426  queue.o(.text)
    xQueueTakeMutexRecursive                 0x00001c7f   Thumb Code    80  queue.o(.text)
    xQueueCreateCountingSemaphore            0x00001ccf   Thumb Code    80  queue.o(.text)
    xQueueGenericSendFromISR                 0x00001d1f   Thumb Code   228  queue.o(.text)
    xQueueGiveFromISR                        0x00001e03   Thumb Code   210  queue.o(.text)
    xQueueReceiveFromISR                     0x00001ed5   Thumb Code   170  queue.o(.text)
    xQueuePeekFromISR                        0x00001f7f   Thumb Code   120  queue.o(.text)
    uxQueueMessagesWaiting                   0x00001ff7   Thumb Code    28  queue.o(.text)
    uxQueueSpacesAvailable                   0x00002013   Thumb Code    34  queue.o(.text)
    uxQueueMessagesWaitingFromISR            0x00002035   Thumb Code    16  queue.o(.text)
    vQueueDelete                             0x00002045   Thumb Code    30  queue.o(.text)
    xQueueIsQueueEmptyFromISR                0x00002063   Thumb Code    26  queue.o(.text)
    xQueueIsQueueFullFromISR                 0x0000207d   Thumb Code    28  queue.o(.text)
    vQueueWaitForMessageRestricted           0x00002099   Thumb Code    76  queue.o(.text)
    xQueueCreateSet                          0x000020e5   Thumb Code    20  queue.o(.text)
    xQueueAddToSet                           0x000020f9   Thumb Code    42  queue.o(.text)
    xQueueRemoveFromSet                      0x00002123   Thumb Code    46  queue.o(.text)
    xQueueSelectFromSet                      0x00002151   Thumb Code    26  queue.o(.text)
    xQueueSelectFromSetFromISR               0x0000216b   Thumb Code    22  queue.o(.text)
    xTaskCreate                              0x00002307   Thumb Code    92  tasks.o(.text)
    vTaskDelete                              0x000023a3   Thumb Code   156  tasks.o(.text)
    xTaskIncrementTick                       0x0000243f   Thumb Code   290  tasks.o(.text)
    xTaskResumeAll                           0x00002561   Thumb Code   298  tasks.o(.text)
    vTaskSuspendAll                          0x000026ef   Thumb Code    12  tasks.o(.text)
    vTaskDelayUntil                          0x000026fb   Thumb Code   152  tasks.o(.text)
    vTaskDelay                               0x00002793   Thumb Code    68  tasks.o(.text)
    eTaskGetState                            0x000027d7   Thumb Code    98  tasks.o(.text)
    uxTaskPriorityGet                        0x00002839   Thumb Code    32  tasks.o(.text)
    uxTaskPriorityGetFromISR                 0x00002859   Thumb Code    36  tasks.o(.text)
    vTaskPrioritySet                         0x0000287d   Thumb Code   234  tasks.o(.text)
    vTaskSwitchContext                       0x00002967   Thumb Code   182  tasks.o(.text)
    vTaskSuspend                             0x00002a1d   Thumb Code   152  tasks.o(.text)
    vTaskResume                              0x00002aff   Thumb Code   120  tasks.o(.text)
    xTaskResumeFromISR                       0x00002b77   Thumb Code   134  tasks.o(.text)
    vTaskStartScheduler                      0x00002c6b   Thumb Code    90  tasks.o(.text)
    vTaskEndScheduler                        0x00002cc5   Thumb Code    16  tasks.o(.text)
    xTaskGetTickCount                        0x00002cd5   Thumb Code     6  tasks.o(.text)
    xTaskGetTickCountFromISR                 0x00002cdb   Thumb Code     8  tasks.o(.text)
    uxTaskGetNumberOfTasks                   0x00002ce3   Thumb Code     6  tasks.o(.text)
    pcTaskGetName                            0x00002ce9   Thumb Code    32  tasks.o(.text)
    vTaskPlaceOnEventList                    0x00002d09   Thumb Code    38  tasks.o(.text)
    vTaskPlaceOnUnorderedEventList           0x00002d2f   Thumb Code    76  tasks.o(.text)
    vTaskPlaceOnEventListRestricted          0x00002d7b   Thumb Code    58  tasks.o(.text)
    xTaskRemoveFromEventList                 0x00002db5   Thumb Code   190  tasks.o(.text)
    xTaskRemoveFromUnorderedEventList        0x00002e73   Thumb Code   134  tasks.o(.text)
    vTaskSetTimeOutState                     0x00002ef9   Thumb Code    24  tasks.o(.text)
    xTaskCheckForTimeOut                     0x00002f11   Thumb Code   106  tasks.o(.text)
    vTaskMissedYield                         0x00002f7b   Thumb Code     8  tasks.o(.text)
    xTaskGetCurrentTaskHandle                0x00002f83   Thumb Code     6  tasks.o(.text)
    xTaskGetSchedulerState                   0x00002f89   Thumb Code    28  tasks.o(.text)
    vTaskPriorityInherit                     0x00002fa5   Thumb Code   152  tasks.o(.text)
    xTaskPriorityDisinherit                  0x0000303d   Thumb Code   144  tasks.o(.text)
    uxTaskResetEventItemValue                0x000030cd   Thumb Code    24  tasks.o(.text)
    pvTaskIncrementMutexHeldCount            0x000030e5   Thumb Code    28  tasks.o(.text)
    ulTaskNotifyTake                         0x00003101   Thumb Code   118  tasks.o(.text)
    xTaskNotifyWait                          0x00003177   Thumb Code   192  tasks.o(.text)
    xTaskGenericNotify                       0x00003237   Thumb Code   224  tasks.o(.text)
    xTaskGenericNotifyFromISR                0x00003317   Thumb Code   264  tasks.o(.text)
    vTaskNotifyGiveFromISR                   0x0000341f   Thumb Code   178  tasks.o(.text)
    xTaskNotifyStateClear                    0x000034d1   Thumb Code    50  tasks.o(.text)
    xTimerGenericCommand                     0x00003569   Thumb Code   122  timers.o(.text)
    xTimerCreateTimerTask                    0x000038bd   Thumb Code    54  timers.o(.text)
    xTimerCreate                             0x00003961   Thumb Code    44  timers.o(.text)
    xTimerGetTimerDaemonTaskHandle           0x0000398d   Thumb Code    30  timers.o(.text)
    xTimerGetPeriod                          0x000039ab   Thumb Code    18  timers.o(.text)
    xTimerGetExpiryTime                      0x000039bd   Thumb Code    18  timers.o(.text)
    pcTimerGetName                           0x000039cf   Thumb Code    18  timers.o(.text)
    xTimerIsTimerActive                      0x000039e1   Thumb Code    46  timers.o(.text)
    pvTimerGetTimerID                        0x00003a0f   Thumb Code    30  timers.o(.text)
    vTimerSetTimerID                         0x00003a2d   Thumb Code    30  timers.o(.text)
    __scatterload                            0x00003a51   Thumb Code    28  init.o(.text)
    __scatterload_rt2                        0x00003a51   Thumb Code     0  init.o(.text)
    __scatterload_copy                       0x00003a75   Thumb Code    14  handlers.o(i.__scatterload_copy)
    __scatterload_zeroinit                   0x00003a83   Thumb Code    14  handlers.o(i.__scatterload_zeroinit)
    led_pin                                  0x00003a90   Data          16  led_frdm-kw41z.o(.constdata)
    led_port                                 0x00003aa0   Data          16  led_frdm-kw41z.o(.constdata)
    led_gpio                                 0x00003ab0   Data          16  led_frdm-kw41z.o(.constdata)
    EventRecorderInfo                        0x00003ac0   Data          24  eventrecorder.o(.constdata)
    Region$$Table$$Base                      0x00003ad8   Number         0  anon$$obj.o(Region$$Table)
    Region$$Table$$Limit                     0x00003af8   Number         0  anon$$obj.o(Region$$Table)
    SystemCoreClock                          0x20000000   Data           4  system_mkw41z4.o(.data)
    pxCurrentTCB                             0x20000020   Data           4  tasks.o(.data)
    __initial_sp                             0x20001a28   Data           0  startup_mkw41z4.o(STACK)



==============================================================================

Memory Map of the image

  Image Entry point : 0x000000c1

  Load Region LR_IROM1 (Base: 0x00000000, Size: 0x00003b68, Max: 0x00080000, ABSOLUTE)

    Execution Region ER_IROM1 (Exec base: 0x00000000, Load base: 0x00000000, Size: 0x00003af8, Max: 0x00080000, ABSOLUTE)

    Exec Addr    Load Addr    Size         Type   Attr      Idx    E Section Name        Object

    0x00000000   0x00000000   0x000000c0   Data   RO          176    RESET               startup_mkw41z4.o
    0x000000c0   0x000000c0   0x00000000   Code   RO          371  * .ARM.Collect$$$$00000000  mc_p.l(entry.o)
    0x000000c0   0x000000c0   0x00000004   Code   RO          382    .ARM.Collect$$$$00000001  mc_p.l(entry2.o)
    0x000000c4   0x000000c4   0x00000004   Code   RO          385    .ARM.Collect$$$$00000004  mc_p.l(entry5.o)
    0x000000c8   0x000000c8   0x00000000   Code   RO          387    .ARM.Collect$$$$00000008  mc_p.l(entry7b.o)
    0x000000c8   0x000000c8   0x00000000   Code   RO          389    .ARM.Collect$$$$0000000A  mc_p.l(entry8b.o)
    0x000000c8   0x000000c8   0x00000008   Code   RO          390    .ARM.Collect$$$$0000000B  mc_p.l(entry9a.o)
    0x000000d0   0x000000d0   0x00000000   Code   RO          392    .ARM.Collect$$$$0000000D  mc_p.l(entry10a.o)
    0x000000d0   0x000000d0   0x00000000   Code   RO          394    .ARM.Collect$$$$0000000F  mc_p.l(entry11a.o)
    0x000000d0   0x000000d0   0x00000004   Code   RO          383    .ARM.Collect$$$$00002712  mc_p.l(entry2.o)
    0x000000d4   0x000000d4   0x00000078   Code   RO          307    .emb_text           port.o
    0x0000014c   0x0000014c   0x00000094   Code   RO            3    .text               main.o
    0x000001e0   0x000001e0   0x00000110   Code   RO          117    .text               led_frdm-kw41z.o
    0x000002f0   0x000002f0   0x0000007c   Code   RO          178    .text               startup_mkw41z4.o
    0x0000036c   0x0000036c   0x0000002c   Code   RO          374    .text               mc_p.l(uidiv.o)
    0x00000398   0x00000398   0x00000024   Code   RO          376    .text               mc_p.l(memcpya.o)
    0x000003bc   0x000003bc   0x00000024   Code   RO          378    .text               mc_p.l(memseta.o)
    0x000003e0   0x000003e0   0x0000001c   Code   RO          204    i.__ARM_common_switch8  system_mkw41z4.o
    0x000003fc   0x000003fc   0x00000002   Code   RO          401    i.__scatterload_null  mc_p.l(handlers.o)
    0x000003fe   0x000003fe   0x00000002   PAD
    0x00000400   0x00000400   0x00000010   Code   RO          177    .ARM.__at_0x400     startup_mkw41z4.o
    0x00000410   0x00000410   0x00000658   Code   RO          140    .text               eventrecorder.o
    0x00000a68   0x00000a68   0x00000194   Code   RO          186    .text               system_mkw41z4.o
    0x00000bfc   0x00000bfc   0x0000057c   Code   RO          211    .text               freertos_evr.o
    0x00001178   0x00001178   0x00000096   Code   RO          280    .text               list.o
    0x0000120e   0x0000120e   0x00000002   PAD
    0x00001210   0x00001210   0x0000027c   Code   RO          292    .text               heap_4.o
    0x0000148c   0x0000148c   0x00000124   Code   RO          308    .text               port.o
    0x000015b0   0x000015b0   0x00000bd0   Code   RO          325    .text               queue.o
    0x00002180   0x00002180   0x0000139c   Code   RO          337    .text               tasks.o
    0x0000351c   0x0000351c   0x00000534   Code   RO          356    .text               timers.o
    0x00003a50   0x00003a50   0x00000024   Code   RO          396    .text               mc_p.l(init.o)
    0x00003a74   0x00003a74   0x0000000e   Code   RO          400    i.__scatterload_copy  mc_p.l(handlers.o)
    0x00003a82   0x00003a82   0x0000000e   Code   RO          402    i.__scatterload_zeroinit  mc_p.l(handlers.o)
    0x00003a90   0x00003a90   0x00000030   Data   RO          118    .constdata          led_frdm-kw41z.o
    0x00003ac0   0x00003ac0   0x00000018   Data   RO          141    .constdata          eventrecorder.o
    0x00003ad8   0x00003ad8   0x00000020   Data   RO          398    Region$$Table       anon$$obj.o


    Execution Region RW_IRAM1 (Exec base: 0x20000000, Load base: 0x00003af8, Size: 0x00001a28, Max: 0x00018000, ABSOLUTE)

    Exec Addr    Load Addr    Size         Type   Attr      Idx    E Section Name        Object

    0x20000000   0x00003af8   0x00000004   Data   RW          187    .data               system_mkw41z4.o
    0x20000004   0x00003afc   0x00000018   Data   RW          294    .data               heap_4.o
    0x2000001c   0x00003b14   0x00000004   Data   RW          309    .data               port.o
    0x20000020   0x00003b18   0x0000003c   Data   RW          339    .data               tasks.o
    0x2000005c   0x00003b54   0x00000014   Data   RW          358    .data               timers.o
    0x20000070        -       0x00001000   Zero   RW          293    .bss                heap_4.o
    0x20001070        -       0x000000c8   Zero   RW          338    .bss                tasks.o
    0x20001138        -       0x00000028   Zero   RW          357    .bss                timers.o
    0x20001160   0x00003b68   0x00000020   PAD
    0x20001180        -       0x000004a8   Zero   RW          142    .noinit             eventrecorder.o
    0x20001628        -       0x00000400   Zero   RW          174    STACK               startup_mkw41z4.o


==============================================================================

Image component sizes


      Code (inc. data)   RO Data    RW Data    ZI Data      Debug   Object Name

         0          0          0          0          0       1452   event_groups.o
      1624         50         24          0       1192      13295   eventrecorder.o
      1404         42          0          0          0      22495   freertos_evr.o
       636         26          0         24       4096       3636   heap_4.o
       272         18         48          0          0       2325   led_frdm-kw41z.o
       150          0          0          0          0       1886   list.o
       148         26          0          0          0      14303   main.o
       412         30          0          4          0       3778   port.o
      3024          0          0          0          0      15601   queue.o
       140         72        192          0       1024       1276   startup_mkw41z4.o
       432         38          0          4          0       1289   system_mkw41z4.o
      5020        280          0         60        200      22181   tasks.o
      1332         58          0         20         40       8703   timers.o

    ----------------------------------------------------------------------
     14596        640        296        112       6584     112220   Object Totals
         0          0         32          0          0          0   (incl. Generated)
         2          0          0          0         32          0   (incl. Padding)

    ----------------------------------------------------------------------

      Code (inc. data)   RO Data    RW Data    ZI Data      Debug   Library Member Name

         0          0          0          0          0          0   entry.o
         0          0          0          0          0          0   entry10a.o
         0          0          0          0          0          0   entry11a.o
         8          4          0          0          0          0   entry2.o
         4          0          0          0          0          0   entry5.o
         0          0          0          0          0          0   entry7b.o
         0          0          0          0          0          0   entry8b.o
         8          4          0          0          0          0   entry9a.o
        30          0          0          0          0          0   handlers.o
        36          8          0          0          0         68   init.o
        36          0          0          0          0         60   memcpya.o
        36          0          0          0          0        100   memseta.o
        44          0          0          0          0         72   uidiv.o

    ----------------------------------------------------------------------
       204         16          0          0          0        300   Library Totals
         2          0          0          0          0          0   (incl. Padding)

    ----------------------------------------------------------------------

      Code (inc. data)   RO Data    RW Data    ZI Data      Debug   Library Name

       202         16          0          0          0        300   mc_p.l

    ----------------------------------------------------------------------
       204         16          0          0          0        300   Library Totals

    ----------------------------------------------------------------------

==============================================================================


      Code (inc. data)   RO Data    RW Data    ZI Data      Debug   

     14800        656        296        112       6584     111564   Grand Totals
     14800        656        296        112       6584     111564   ELF Image Totals
     14800        656        296        112          0          0   ROM Totals

==============================================================================

    Total RO  Size (Code + RO Data)                15096 (  14.74kB)
    Total RW  Size (RW Data + ZI Data)              6696 (   6.54kB)
    Total ROM Size (Code + RO Data + RW Data)      15208 (  14.85kB)

==============================================================================

