Archive member included to satisfy reference by file (symbol)

libcr_semihost_nf.a(_cr__main.o)
                              ../startup/startup_mkw41z4.o (__main)
libcr_c.a(memcpy.o)           ../freertos/queue.o (memcpy)
libcr_c.a(memset.o)           ../freertos/tasks.o (memset)
libcr_c.a(initio.o)           libcr_semihost_nf.a(_cr__main.o) (_initio)
libcr_c.a(setvbuf.o)          libcr_c.a(initio.o) (setvbuf)
libcr_c.a(_fdopen.o)          libcr_c.a(initio.o) (_fdopen)
libcr_c.a(fclose.o)           libcr_c.a(initio.o) (fclose)
libcr_c.a(fflush.o)           libcr_c.a(fclose.o) (fflush)
libcr_c.a(fseek.o)            libcr_c.a(_fdopen.o) (fseek)
libcr_c.a(ftell.o)            libcr_c.a(fseek.o) (ftell)
libcr_c.a(remove.o)           libcr_c.a(fclose.o) (remove)
libcr_c.a(strlen.o)           libcr_c.a(remove.o) (strlen)
libcr_c.a(_do_fflush.o)       libcr_c.a(fflush.o) (_do_fflush)
libcr_c.a(_fflush.o)          libcr_c.a(_do_fflush.o) (_fflush)
libcr_c.a(_writebuf.o)        libcr_c.a(_fflush.o) (_Cwritebuf)
libcr_c.a(alloc.o)            libcr_c.a(fclose.o) (free)
libcr_c.a(errno.o)            libcr_c.a(ftell.o) (errno)
libcr_c.a(__init_alloc.o)     libcr_c.a(alloc.o) (__heaps)
libcr_c.a(_cr_sbrk.o)         libcr_c.a(alloc.o) (_sbrk)
libcr_c.a(_deferredlazyseek.o)
                              libcr_c.a(_do_fflush.o) (_deferredlazyseek)
libcr_c.a(_cr_check_heap.o)   libcr_c.a(_cr_sbrk.o) (__check_heap_overflow)
libcr_eabihelpers.a(division_32.o)
                              ../freertos/fsl_tickless_lptmr.o (__aeabi_uidiv)
libcr_eabihelpers.a(division_idiv0.o)
                              libcr_eabihelpers.a(division_32.o) (__aeabi_idiv0)
libcr_eabihelpers.a(memcpy.o)
                              libcr_c.a(memcpy.o) (__aeabi_memcpy)
libcr_semihost_nf.a(__ciob.o)
                              libcr_c.a(initio.o) (__Ciob)
libcr_semihost_nf.a(__sys_appexit.o)
                              libcr_c.a(alloc.o) (__sys_appexit)
libcr_semihost_nf.a(__sys_close.o)
                              libcr_c.a(fclose.o) (__sys_close)
libcr_semihost_nf.a(__sys_flen.o)
                              libcr_c.a(fseek.o) (__sys_flen)
libcr_semihost_nf.a(__sys_istty.o)
                              libcr_c.a(fseek.o) (__sys_istty)
libcr_semihost_nf.a(__sys_remove.o)
                              libcr_c.a(remove.o) (__sys_remove)
libcr_semihost_nf.a(__sys_rename.o)
                              libcr_c.a(remove.o) (__sys_rename)
libcr_semihost_nf.a(__sys_seek.o)
                              libcr_c.a(_writebuf.o) (__sys_seek)
libcr_semihost_nf.a(__sys_tmpnam.o)
                              libcr_c.a(fclose.o) (__sys_tmpnam)
libcr_semihost_nf.a(__sys_write.o)
                              libcr_c.a(_writebuf.o) (__sys_write)

Discarded input sections

 .group         0x00000000        0x8 ../startup/startup_mkw41z4.o
 .text          0x00000000        0x0 ../startup/startup_mkw41z4.o
 .data          0x00000000        0x0 ../startup/startup_mkw41z4.o
 .bss           0x00000000        0x0 ../startup/startup_mkw41z4.o
 .group         0x00000000        0x8 ../source/board.o
 .group         0x00000000        0x8 ../source/board.o
 .group         0x00000000        0x8 ../source/board.o
 .group         0x00000000        0x8 ../source/board.o
 .group         0x00000000        0x8 ../source/board.o
 .group         0x00000000        0x8 ../source/board.o
 .group         0x00000000        0x8 ../source/board.o
 .group         0x00000000        0x8 ../source/board.o
 .text          0x00000000        0x0 ../source/board.o
 .data          0x00000000        0x0 ../source/board.o
 .bss           0x00000000        0x0 ../source/board.o
 .text.BOARD_InitDebugConsole
                0x00000000        0xa ../source/board.o
 .debug_info    0x00000000       0x81 ../source/board.o
 .debug_abbrev  0x00000000       0x45 ../source/board.o
 .debug_aranges
                0x00000000       0x20 ../source/board.o
 .debug_ranges  0x00000000       0x10 ../source/board.o
 .debug_macro   0x00000000       0x76 ../source/board.o
 .debug_macro   0x00000000      0x8ce ../source/board.o
 .debug_macro   0x00000000       0x22 ../source/board.o
 .debug_macro   0x00000000       0x87 ../source/board.o
 .debug_macro   0x00000000       0x51 ../source/board.o
 .debug_macro   0x00000000       0xef ../source/board.o
 .debug_macro   0x00000000       0x6a ../source/board.o
 .debug_macro   0x00000000      0x1df ../source/board.o
 .debug_macro   0x00000000       0x10 ../source/board.o
 .debug_line    0x00000000      0x27e ../source/board.o
 .debug_str     0x00000000     0x348c ../source/board.o
 .comment       0x00000000       0x80 ../source/board.o
 .debug_frame   0x00000000       0x2c ../source/board.o
 .ARM.attributes
                0x00000000       0x32 ../source/board.o
 .group         0x00000000        0x8 ../source/clock_config.o
 .group         0x00000000        0x8 ../source/clock_config.o
 .group         0x00000000        0x8 ../source/clock_config.o
[...]
Memory Configuration

Name             Origin             Length             Attributes
PROGRAM_FLASH    0x00000000         0x00080000         xr
SRAM             0x1fff8000         0x00020000         xrw
*default*        0x00000000         0xffffffff

Linker script and memory map

LOAD ../startup/startup_mkw41z4.o
LOAD ../source/board.o
LOAD ../source/clock_config.o
LOAD ../source/main.o
LOAD ../source/pin_mux.o
LOAD ../freertos/croutine.o
LOAD ../freertos/event_groups.o
LOAD ../freertos/fsl_tickless_lptmr.o
LOAD ../freertos/fsl_tickless_systick.o
LOAD ../freertos/heap_4.o
LOAD ../freertos/list.o
LOAD ../freertos/port.o
LOAD ../freertos/queue.o
LOAD ../freertos/tasks.o
LOAD ../freertos/timers.o
LOAD ../drivers/fsl_clock.o
LOAD ../drivers/fsl_common.o
LOAD ../drivers/fsl_gpio.o
LOAD ../drivers/fsl_lpuart.o
LOAD ../drivers/fsl_lpuart_freertos.o
LOAD ../CMSIS/system_MKW41Z4.o
START GROUP
LOAD libcr_semihost_nf.a
LOAD libcr_c.a
LOAD libcr_eabihelpers.a
END GROUP
                0x00000000                __base_PROGRAM_FLASH = 0x0
                0x00000000                __base_Flash = 0x0
                0x00080000                __top_PROGRAM_FLASH = 0x80000
                0x00080000                __top_Flash = 0x80000
                0x1fff8000                __base_SRAM = 0x1fff8000
                0x1fff8000                __base_RAM = 0x1fff8000
                0x20018000                __top_SRAM = 0x20018000
                0x20018000                __top_RAM = 0x20018000

.text           0x00000000     0x30a4
 FILL mask 0xff
                0x00000000                __vectors_start__ = ABSOLUTE (.)
 *(.isr_vector)
 .isr_vector    0x00000000       0xc0 ../startup/startup_mkw41z4.o
                0x00000000                g_pfnVectors
                0x00000000                __Vectors
                0x000000c0                . = ALIGN (0x4)
                0x000000c0                __section_table_start = .
                0x000000c0                __data_section_table = .
                0x000000c0        0x4 LONG 0x30a4 LOADADDR (.data)
                0x000000c4        0x4 LONG 0x1fff8000 ADDR (.data)
                0x000000c8        0x4 LONG 0x8 SIZEOF (.data)
                0x000000cc                __data_section_table_end = .
                0x000000cc                __bss_section_table = .
                0x000000cc        0x4 LONG 0x1fff8008 ADDR (.bss)
                0x000000d0        0x4 LONG 0x2a58 SIZEOF (.bss)
                0x000000d4                __bss_section_table_end = .
                0x000000d4                __section_table_end = .
 *(.after_vectors*)
 .after_vectors.init_data
                0x000000d4       0x16 ../startup/startup_mkw41z4.o
                0x000000d4                data_init
 .after_vectors.init_bss
                0x000000ea       0x12 ../startup/startup_mkw41z4.o
                0x000000ea                bss_init
 .after_vectors.reset
                0x000000fc       0x4c ../startup/startup_mkw41z4.o
                0x000000fc                ResetISR
 .after_vectors
                0x00000148      0x10c ../startup/startup_mkw41z4.o
                0x00000148                NMI_Handler
                0x0000014a                HardFault_Handler
                0x00000152                DMA0_DriverIRQHandler
                0x00000152                PIT_DriverIRQHandler
                0x00000152                SPI1_DriverIRQHandler
                0x00000152                LPTMR0_DriverIRQHandler
                0x00000152                PORTB_PORTC_DriverIRQHandler
                0x00000152                DMA3_DriverIRQHandler
                0x00000152                I2C0_DriverIRQHandler
                0x00000152                DMA2_DriverIRQHandler
                0x00000152                TRNG0_DriverIRQHandler
                0x00000152                CMP0_DriverIRQHandler
                0x00000152                TPM2_DriverIRQHandler
                0x00000152                Radio_0_DriverIRQHandler
                0x00000152                ADC0_DriverIRQHandler
                0x00000152                SPI0_DriverIRQHandler
                0x00000152                TSI0_DriverIRQHandler
                0x00000152                RTC_Seconds_DriverIRQHandler
                0x00000152                LTC0_DriverIRQHandler
                0x00000152                LLWU_DriverIRQHandler
                0x00000152                MCG_DriverIRQHandler
                0x00000152                I2C1_DriverIRQHandler
                0x00000152                CMT_DriverIRQHandler
                0x00000152                DMA1_DriverIRQHandler
                0x00000152                FTFA_DriverIRQHandler
                0x00000152                IntDefaultHandler
                0x00000152                RTC_DriverIRQHandler
                0x00000152                DAC0_DriverIRQHandler
                0x00000152                TPM0_DriverIRQHandler
                0x00000152                TPM1_DriverIRQHandler
                0x00000152                LVD_LVW_DCDC_DriverIRQHandler
                0x00000152                PORTA_DriverIRQHandler
                0x00000152                Reserved20_DriverIRQHandler
                0x00000152                Radio_1_DriverIRQHandler
                0x00000154                DMA0_IRQHandler
                0x0000015c                DMA1_IRQHandler
                0x00000164                DMA2_IRQHandler
                0x0000016c                DMA3_IRQHandler
                0x00000174                Reserved20_IRQHandler
                0x0000017c                FTFA_IRQHandler
                0x00000184                LVD_LVW_DCDC_IRQHandler
                0x0000018c                LLWU_IRQHandler
                0x00000194                I2C0_IRQHandler
                0x0000019c                I2C1_IRQHandler
                0x000001a4                SPI0_IRQHandler
                0x000001ac                TSI0_IRQHandler
                0x000001b4                LPUART0_IRQHandler
                0x000001bc                TRNG0_IRQHandler
                0x000001c4                CMT_IRQHandler
                0x000001cc                ADC0_IRQHandler
                0x000001d4                CMP0_IRQHandler
                0x000001dc                TPM0_IRQHandler
                0x000001e4                TPM1_IRQHandler
                0x000001ec                TPM2_IRQHandler
                0x000001f4                RTC_IRQHandler
                0x000001fc                RTC_Seconds_IRQHandler
                0x00000204                PIT_IRQHandler
                0x0000020c                LTC0_IRQHandler
                0x00000214                Radio_0_IRQHandler
                0x0000021c                DAC0_IRQHandler
                0x00000224                Radio_1_IRQHandler
                0x0000022c                MCG_IRQHandler
                0x00000234                LPTMR0_IRQHandler
                0x0000023c                SPI1_IRQHandler
                0x00000244                PORTA_IRQHandler
                0x0000024c                PORTB_PORTC_IRQHandler
                0x00000400                . = 0x400
 *fill*         0x00000254      0x1ac ff
                0x00000400                PROVIDE (__FLASH_CONFIG_START__, .)
 *(.FlashConfig)
 .FlashConfig   0x00000400       0x10 ../startup/startup_mkw41z4.o
                0x00000400                Flash_Config
                0x00000410                PROVIDE (__FLASH_CONFIG_END__, .)
                0x00000001                ASSERT (! ((__FLASH_CONFIG_START__ == __FLASH_CONFIG_END__)), Linker Flash Config Support Enabled, but no .FlashConfig section provided within application)
 *(.text*)
 .text.LED_Initialize
                0x00000410       0xe8 ../source/main.o
                0x00000410                LED_Initialize
 .text.LED_On   0x000004f8       0x38 ../source/main.o
                0x000004f8                LED_On
 .text.LED_Off  0x00000530       0x38 ../source/main.o
                0x00000530                LED_Off
 .text.fast_led
                0x00000568       0x2a ../source/main.o
 .text.slow_led
                0x00000592       0x2a ../source/main.o
 .text.main     0x000005bc       0x4c ../source/main.o
                0x000005bc                main
 .text.prvSetupTimerInterrupt
                0x00000608       0x3c ../freertos/fsl_tickless_lptmr.o
                0x00000608                prvSetupTimerInterrupt
 .text.pvPortMalloc
                0x00000644      0x14c ../freertos/heap_4.o
                0x00000644                pvPortMalloc
 .text.vPortFree
                0x00000790       0x90 ../freertos/heap_4.o
                0x00000790                vPortFree
 .text.prvHeapInit
                0x00000820       0xc0 ../freertos/heap_4.o
 .text.prvInsertBlockIntoFreeList
                0x000008e0       0xb0 ../freertos/heap_4.o
 .text.vListInitialise
                0x00000990       0x3c ../freertos/list.o
                0x00000990                vListInitialise
 .text.vListInitialiseItem
                0x000009cc       0x16 ../freertos/list.o
                0x000009cc                vListInitialiseItem
 .text.vListInsertEnd
                0x000009e2       0x44 ../freertos/list.o
                0x000009e2                vListInsertEnd
 .text.vListInsert
                0x00000a26       0x6c ../freertos/list.o
                0x00000a26                vListInsert
 .text.uxListRemove
                0x00000a92       0x50 ../freertos/list.o
                0x00000a92                uxListRemove
 *fill*         0x00000ae2        0x2 ff
 .text.pxPortInitialiseStack
                0x00000ae4       0x54 ../freertos/port.o
                0x00000ae4                pxPortInitialiseStack
 .text.prvTaskExitError
                0x00000b38       0x18 ../freertos/port.o
 .text.SVC_Handler
                0x00000b50        0xa ../freertos/port.o
                0x00000b50                SVC_Handler
 *fill*         0x00000b5a        0x6 ff
 .text.vPortStartFirstTask
                0x00000b60       0x38 ../freertos/port.o
 .text.xPortStartScheduler
                0x00000b98       0x44 ../freertos/port.o
                0x00000b98                xPortStartScheduler
 .text.vPortYield
                0x00000bdc       0x20 ../freertos/port.o
                0x00000bdc                vPortYield
 .text.vPortEnterCritical
                0x00000bfc       0x24 ../freertos/port.o
                0x00000bfc                vPortEnterCritical
 .text.vPortExitCritical
                0x00000c20       0x30 ../freertos/port.o
                0x00000c20                vPortExitCritical
 .text.ulSetInterruptMaskFromISR
                0x00000c50        0xc ../freertos/port.o
                0x00000c50                ulSetInterruptMaskFromISR
 .text.vClearInterruptMaskFromISR
                0x00000c5c        0x8 ../freertos/port.o
                0x00000c5c                vClearInterruptMaskFromISR
 *fill*         0x00000c64        0xc ff
 .text.PendSV_Handler
                0x00000c70       0x48 ../freertos/port.o
                0x00000c70                PendSV_Handler
 .text.SysTick_Handler
                0x00000cb8       0x34 ../freertos/port.o
                0x00000cb8                SysTick_Handler
 .text.xQueueGenericReset
                0x00000cec       0xa8 ../freertos/queue.o
                0x00000cec                xQueueGenericReset
 .text.xQueueGenericCreate
                0x00000d94       0x64 ../freertos/queue.o
                0x00000d94                xQueueGenericCreate
 .text.prvInitialiseNewQueue
                0x00000df8       0x4e ../freertos/queue.o
 .text.xQueueGenericSend
                0x00000e46      0x188 ../freertos/queue.o
                0x00000e46                xQueueGenericSend
 .text.xQueueGenericSendFromISR
                0x00000fce       0xe4 ../freertos/queue.o
                0x00000fce                xQueueGenericSendFromISR
 .text.xQueueGenericReceive
                0x000010b2      0x1c8 ../freertos/queue.o
                0x000010b2                xQueueGenericReceive
 .text.prvCopyDataToQueue
                0x0000127a       0xd6 ../freertos/queue.o
 .text.prvCopyDataFromQueue
                0x00001350       0x4c ../freertos/queue.o
 .text.prvUnlockQueue
                0x0000139c       0xc0 ../freertos/queue.o
 .text.prvIsQueueEmpty
                0x0000145c       0x2c ../freertos/queue.o
 .text.prvIsQueueFull
                0x00001488       0x30 ../freertos/queue.o
 .text.vQueueAddToRegistry
                0x000014b8       0x50 ../freertos/queue.o
                0x000014b8                vQueueAddToRegistry
 .text.vQueueWaitForMessageRestricted
                0x00001508       0x66 ../freertos/queue.o
                0x00001508                vQueueWaitForMessageRestricted
 .text.xTaskCreate
                0x0000156e       0x90 ../freertos/tasks.o
                0x0000156e                xTaskCreate
 *fill*         0x000015fe        0x2 ff
 .text.prvInitialiseNewTask
                0x00001600      0x120 ../freertos/tasks.o
 .text.prvAddNewTaskToReadyList
                0x00001720       0xd0 ../freertos/tasks.o
 .text.vTaskDelay
                0x000017f0       0x4c ../freertos/tasks.o
                0x000017f0                vTaskDelay
 .text.vTaskStartScheduler
                0x0000183c       0x78 ../freertos/tasks.o
                0x0000183c                vTaskStartScheduler
 .text.vTaskSuspendAll
                0x000018b4       0x18 ../freertos/tasks.o
                0x000018b4                vTaskSuspendAll
 .text.xTaskResumeAll
                0x000018cc      0x118 ../freertos/tasks.o
                0x000018cc                xTaskResumeAll
 .text.xTaskGetTickCount
                0x000019e4       0x1c ../freertos/tasks.o
                0x000019e4                xTaskGetTickCount
 .text.xTaskIncrementTick
                0x00001a00      0x14c ../freertos/tasks.o
                0x00001a00                xTaskIncrementTick
 .text.vTaskSwitchContext
                0x00001b4c       0xa4 ../freertos/tasks.o
                0x00001b4c                vTaskSwitchContext
 .text.vTaskPlaceOnEventList
                0x00001bf0       0x3c ../freertos/tasks.o
                0x00001bf0                vTaskPlaceOnEventList
 .text.vTaskPlaceOnEventListRestricted
                0x00001c2c       0x4c ../freertos/tasks.o
                0x00001c2c                vTaskPlaceOnEventListRestricted
 .text.xTaskRemoveFromEventList
                0x00001c78       0xb8 ../freertos/tasks.o
                0x00001c78                xTaskRemoveFromEventList
 .text.vTaskSetTimeOutState
                0x00001d30       0x34 ../freertos/tasks.o
                0x00001d30                vTaskSetTimeOutState
 .text.xTaskCheckForTimeOut
                0x00001d64       0x9c ../freertos/tasks.o
                0x00001d64                xTaskCheckForTimeOut
 .text.vTaskMissedYield
                0x00001e00       0x14 ../freertos/tasks.o
                0x00001e00                vTaskMissedYield
 .text.prvIdleTask
                0x00001e14       0x20 ../freertos/tasks.o
 .text.prvInitialiseTaskLists
                0x00001e34       0x88 ../freertos/tasks.o
 .text.prvCheckTasksWaitingTermination
                0x00001ebc       0x74 ../freertos/tasks.o
 .text.prvDeleteTCB
                0x00001f30       0x22 ../freertos/tasks.o
 *fill*         0x00001f52        0x2 ff
 .text.prvResetNextTaskUnblockTime
                0x00001f54       0x48 ../freertos/tasks.o
 .text.xTaskGetSchedulerState
                0x00001f9c       0x38 ../freertos/tasks.o
                0x00001f9c                xTaskGetSchedulerState
 .text.vTaskPriorityInherit
                0x00001fd4       0xbc ../freertos/tasks.o
                0x00001fd4                vTaskPriorityInherit
 .text.xTaskPriorityDisinherit
                0x00002090       0xb8 ../freertos/tasks.o
                0x00002090                xTaskPriorityDisinherit
 .text.pvTaskIncrementMutexHeldCount
                0x00002148       0x24 ../freertos/tasks.o
                0x00002148                pvTaskIncrementMutexHeldCount
 .text.prvAddCurrentTaskToDelayedList
                0x0000216c       0xa8 ../freertos/tasks.o
 .text.xTimerCreateTimerTask
                0x00002214       0x54 ../freertos/timers.o
                0x00002214                xTimerCreateTimerTask
 .text.xTimerGenericCommand
                0x00002268       0x9c ../freertos/timers.o
                0x00002268                xTimerGenericCommand
 .text.prvProcessExpiredTimer
                0x00002304       0x70 ../freertos/timers.o
 .text.prvTimerTask
                0x00002374       0x28 ../freertos/timers.o
 .text.prvProcessTimerOrBlockTask
                0x0000239c       0x8c ../freertos/timers.o
 .text.prvGetNextExpireTime
                0x00002428       0x40 ../freertos/timers.o
 .text.prvSampleTimeNow
                0x00002468       0x40 ../freertos/timers.o
 .text.prvInsertTimerInActiveList
                0x000024a8       0x84 ../freertos/timers.o
 .text.prvProcessReceivedCommands
                0x0000252c      0x12c ../freertos/timers.o
 .text.prvSwitchTimerLists
                0x00002658       0xb4 ../freertos/timers.o
 .text.prvCheckForValidListAndQueue
                0x0000270c       0x74 ../freertos/timers.o
 .text.LPUART0_DriverIRQHandler
                0x00002780       0x24 ../drivers/fsl_lpuart.o
                0x00002780                LPUART0_DriverIRQHandler
 .text.SystemInit
                0x000027a4       0x18 ../CMSIS/system_MKW41Z4.o
                0x000027a4                SystemInit
 .text.SystemCoreClockUpdate
                0x000027bc      0x220 ../CMSIS/system_MKW41Z4.o
                0x000027bc                SystemCoreClockUpdate
 .text.__main   0x000029dc        0xc libcr_semihost_nf.a(_cr__main.o)
                0x000029dc                __CR_SEMIHOST
                0x000029dc                __main
 .text.memcpy   0x000029e8        0x8 libcr_c.a(memcpy.o)
                0x000029e8                memcpy
 .text.memset   0x000029f0        0x8 libcr_c.a(memset.o)
                0x000029f0                memset
 .text._initio  0x000029f8       0x7c libcr_c.a(initio.o)
                0x000029f8                _initio
 .text.setvbuf  0x00002a74       0x4c libcr_c.a(setvbuf.o)
                0x00002a74                setvbuf
 .text._fdopen  0x00002ac0       0x74 libcr_c.a(_fdopen.o)
                0x00002ac0                _fdopen
 .text.fclose   0x00002b34       0x5c libcr_c.a(fclose.o)
                0x00002b34                fclose
 .text.fflush   0x00002b90       0x44 libcr_c.a(fflush.o)
                0x00002b90                fflush
 .text.fseek    0x00002bd4       0xf0 libcr_c.a(fseek.o)
                0x00002bd4                fseek
 .text.ftell    0x00002cc4       0x48 libcr_c.a(ftell.o)
                0x00002cc4                ftell
 .text.remove   0x00002d0c       0x12 libcr_c.a(remove.o)
                0x00002d0c                remove
 *fill*         0x00002d1e        0x2 ff
 .text.strlen   0x00002d20       0x54 libcr_c.a(strlen.o)
                0x00002d20                strlen
 .text._do_fflush
                0x00002d74       0x48 libcr_c.a(_do_fflush.o)
                0x00002d74                _do_fflush
 .text._fflush  0x00002dbc       0x60 libcr_c.a(_fflush.o)
                0x00002dbc                _fflush
 .text._Cwritebuf
                0x00002e1c       0x6c libcr_c.a(_writebuf.o)
                0x00002e1c                _Cwritebuf
 .text.free     0x00002e88       0x2e libcr_c.a(alloc.o)
                0x00002e88                free
 *fill*         0x00002eb6        0x2 ff
 .text._deferredlazyseek
                0x00002eb8       0x40 libcr_c.a(_deferredlazyseek.o)
                0x00002eb8                _deferredlazyseek
 .text.__aeabi_division_idivmod
                0x00002ef8       0x78 libcr_eabihelpers.a(division_32.o)
                0x00002ef8                __aeabi_idivmod
                0x00002ef8                __aeabi_idiv
                0x00002efe                __aeabi_uidivmod
                0x00002efe                __aeabi_uidiv
 .text.__aeabi_division_idiv0
                0x00002f70        0x2 libcr_eabihelpers.a(division_idiv0.o)
                0x00002f70                __aeabi_idiv0
 .text.__aeabi_memcpy
                0x00002f72       0x2c libcr_eabihelpers.a(memcpy.o)
                0x00002f72                __aeabi_memcpy4
                0x00002f72                __aeabi_memcpy8
                0x00002f72                __aeabi_memcpy
 .text.__aeabi_memset_lowlevel
                0x00002f9e       0x2a libcr_eabihelpers.a(memcpy.o)
                0x00002f9e                __aeabi_lowlevel_memset
 .text.__sys_close
                0x00002fc8        0xc libcr_semihost_nf.a(__sys_close.o)
                0x00002fc8                __sys_close
 .text.__sys_flen
                0x00002fd4        0xc libcr_semihost_nf.a(__sys_flen.o)
                0x00002fd4                __sys_flen
 .text.__sys_istty
                0x00002fe0        0xc libcr_semihost_nf.a(__sys_istty.o)
                0x00002fe0                __sys_istty
 .text.__sys_remove
                0x00002fec        0xc libcr_semihost_nf.a(__sys_remove.o)
                0x00002fec                __sys_remove
 .text.__sys_seek
                0x00002ff8        0xc libcr_semihost_nf.a(__sys_seek.o)
                0x00002ff8                __sys_seek
 .text.__sys_tmpnam
                0x00003004        0xc libcr_semihost_nf.a(__sys_tmpnam.o)
                0x00003004                __sys_tmpnam
 .text.__sys_write
                0x00003010        0xc libcr_semihost_nf.a(__sys_write.o)
                0x00003010                __sys_write
 *(.rodata .rodata.* .constdata .constdata.*)
 .rodata.led_pin
                0x0000301c       0x10 ../source/main.o
                0x0000301c                led_pin
 .rodata.led_port
                0x0000302c       0x10 ../source/main.o
                0x0000302c                led_port
 .rodata.led_gpio
                0x0000303c       0x10 ../source/main.o
                0x0000303c                led_gpio
 .rodata        0x0000304c        0xd ../source/main.o
 *fill*         0x00003059        0x3 ff
 .rodata        0x0000305c        0x5 ../freertos/tasks.o
 *fill*         0x00003061        0x3 ff
 .rodata        0x00003064        0xd ../freertos/timers.o
 *fill*         0x00003071        0x3 ff
 .rodata.prvProcessReceivedCommands
                0x00003074       0x28 ../freertos/timers.o
 .rodata.str1.1
                0x0000309c        0x4 libcr_c.a(initio.o)
 .rodata.__num_Ciob_streams
                0x000030a0        0x4 libcr_semihost_nf.a(__ciob.o)
                0x000030a0                __num_Ciob_streams
                0x000030a4                . = ALIGN (0x4)

.glue_7         0x000030a4        0x0
 .glue_7        0x000030a4        0x0 linker stubs

.glue_7t        0x000030a4        0x0
 .glue_7t       0x000030a4        0x0 linker stubs

.vfp11_veneer   0x000030a4        0x0
 .vfp11_veneer  0x000030a4        0x0 linker stubs

.v4_bx          0x000030a4        0x0
 .v4_bx         0x000030a4        0x0 linker stubs

.iplt           0x000030a4        0x0
 .iplt          0x000030a4        0x0 ../startup/startup_mkw41z4.o

.rel.dyn        0x000030a4        0x0
 .rel.iplt      0x000030a4        0x0 ../startup/startup_mkw41z4.o

.ARM.extab
 *(.ARM.extab* .gnu.linkonce.armextab.*)
                0x000030a4                __exidx_start = .

.ARM.exidx
 *(.ARM.exidx* .gnu.linkonce.armexidx.*)
                0x000030a4                __exidx_end = .
                0x000030a4                _etext = .

.mtb_buffer_default
 *(.mtb*)

.uninit_RESERVED
                0x1fff8000        0x0
 *(.bss.$RESERVED*)
                0x1fff8000                . = ALIGN (0x4)
                0x1fff8000                _end_uninit_RESERVED = .

.data           0x1fff8000        0x8 load address 0x000030a4
 FILL mask 0xff
                0x1fff8000                _data = .
 *(vtable)
 *(.ramfunc*)
 *(.data*)
 .data.uxCriticalNesting
                0x1fff8000        0x4 ../freertos/port.o
 .data.SystemCoreClock
                0x1fff8004        0x4 ../CMSIS/system_MKW41Z4.o
                0x1fff8004                SystemCoreClock
                0x1fff8008                . = ALIGN (0x4)
                0x1fff8008                _edata = .

.igot.plt       0x1fff8008        0x0 load address 0x000030ac
 .igot.plt      0x1fff8008        0x0 ../startup/startup_mkw41z4.o

.bss            0x1fff8008     0x2a58 load address 0x000030ac
                0x1fff8008                _bss = .
 *(.bss*)
 .bss.ucHeap    0x1fff8008     0x2800 ../freertos/heap_4.o
 .bss.xStart    0x1fffa808        0x8 ../freertos/heap_4.o
 .bss.pxEnd     0x1fffa810        0x4 ../freertos/heap_4.o
 .bss.xFreeBytesRemaining
                0x1fffa814        0x4 ../freertos/heap_4.o
 .bss.xMinimumEverFreeBytesRemaining
                0x1fffa818        0x4 ../freertos/heap_4.o
 .bss.xBlockAllocatedBit
                0x1fffa81c        0x4 ../freertos/heap_4.o
 .bss.xQueueRegistry
                0x1fffa820       0x40 ../freertos/queue.o
                0x1fffa820                xQueueRegistry
 .bss.pxCurrentTCB
                0x1fffa860        0x4 ../freertos/tasks.o
                0x1fffa860                pxCurrentTCB
 .bss.pxReadyTasksLists
                0x1fffa864       0x64 ../freertos/tasks.o
 .bss.xDelayedTaskList1
                0x1fffa8c8       0x14 ../freertos/tasks.o
 .bss.xDelayedTaskList2
                0x1fffa8dc       0x14 ../freertos/tasks.o
 .bss.pxDelayedTaskList
                0x1fffa8f0        0x4 ../freertos/tasks.o
 .bss.pxOverflowDelayedTaskList
                0x1fffa8f4        0x4 ../freertos/tasks.o
 .bss.xPendingReadyList
                0x1fffa8f8       0x14 ../freertos/tasks.o
 .bss.xTasksWaitingTermination
                0x1fffa90c       0x14 ../freertos/tasks.o
 .bss.uxDeletedTasksWaitingCleanUp
                0x1fffa920        0x4 ../freertos/tasks.o
 .bss.xSuspendedTaskList
                0x1fffa924       0x14 ../freertos/tasks.o
 .bss.uxCurrentNumberOfTasks
                0x1fffa938        0x4 ../freertos/tasks.o
 .bss.xTickCount
                0x1fffa93c        0x4 ../freertos/tasks.o
 .bss.uxTopReadyPriority
                0x1fffa940        0x4 ../freertos/tasks.o
 .bss.xSchedulerRunning
                0x1fffa944        0x4 ../freertos/tasks.o
 .bss.uxPendedTicks
                0x1fffa948        0x4 ../freertos/tasks.o
 .bss.xYieldPending
                0x1fffa94c        0x4 ../freertos/tasks.o
 .bss.xNumOfOverflows
                0x1fffa950        0x4 ../freertos/tasks.o
 .bss.uxTaskNumber
                0x1fffa954        0x4 ../freertos/tasks.o
 .bss.xNextTaskUnblockTime
                0x1fffa958        0x4 ../freertos/tasks.o
 .bss.xIdleTaskHandle
                0x1fffa95c        0x4 ../freertos/tasks.o
 .bss.uxSchedulerSuspended
                0x1fffa960        0x4 ../freertos/tasks.o
 .bss.xActiveTimerList1
                0x1fffa964       0x14 ../freertos/timers.o
 .bss.xActiveTimerList2
                0x1fffa978       0x14 ../freertos/timers.o
 .bss.pxCurrentTimerList
                0x1fffa98c        0x4 ../freertos/timers.o
 .bss.pxOverflowTimerList
                0x1fffa990        0x4 ../freertos/timers.o
 .bss.xTimerQueue
                0x1fffa994        0x4 ../freertos/timers.o
 .bss.xTimerTaskHandle
                0x1fffa998        0x4 ../freertos/timers.o
 .bss.xLastTime.4923
                0x1fffa99c        0x4 ../freertos/timers.o
 .bss.s_lpuartHandle
                0x1fffa9a0        0x4 ../drivers/fsl_lpuart.o
 .bss.s_lpuartIsr
                0x1fffa9a4        0x4 ../drivers/fsl_lpuart.o
 .bss.errno     0x1fffa9a8        0x4 libcr_c.a(errno.o)
                0x1fffa9a8                errno
 .bss.__Ciob    0x1fffa9ac       0xb4 libcr_semihost_nf.a(__ciob.o)
                0x1fffa9ac                __Ciob
 *(COMMON)
                0x1fffaa60                . = ALIGN (0x4)
                0x1fffaa60                _ebss = .
                [!provide]                PROVIDE (end, .)

.noinit         0x1fffaa60        0x0 load address 0x000030ac
                0x1fffaa60                _noinit = .
 *(.noinit*)
                0x1fffaa60                . = ALIGN (0x4)
                0x1fffaa60                _end_noinit = .

.heap           0x1fffaa60     0x1000 load address 0x000030ac
                0x1fffaa60                _pvHeapStart = .
                0x1fffba60                . = (. + 0x1000)
 *fill*         0x1fffaa60     0x1000 
                0x1fffba60                . = ALIGN (0x4)
                0x1fffba60                _pvHeapLimit = .

.heap2stackfill
                0x1fffba60     0x1000 load address 0x000030ac
                0x1fffca60                . = (. + 0x1000)
 *fill*         0x1fffba60     0x1000 

.stack          0x20017000        0x0
                0x20017000                _vStackBase = .
                0x20017000                . = ALIGN (0x4)
                0x20018000                _vStackTop = (. + 0x1000)
OUTPUT(XpressoRTOS.axf elf32-littlearm)

.debug_info     0x00000000     0x953e
 .debug_info    0x00000000      0x4a2 ../startup/startup_mkw41z4.o
 .debug_info    0x000004a2      0xcdb ../source/main.o
 .debug_info    0x0000117d       0xc2 ../freertos/fsl_tickless_lptmr.o
 .debug_info    0x0000123f      0xb0f ../freertos/heap_4.o
 .debug_info    0x00001d4e      0xacc ../freertos/list.o
 .debug_info    0x0000281a      0x23b ../freertos/port.o
 .debug_info    0x00002a55     0x1638 ../freertos/queue.o
 .debug_info    0x0000408d     0x1f6c ../freertos/tasks.o
 .debug_info    0x00005ff9     0x12ef ../freertos/timers.o
 .debug_info    0x000072e8     0x1e8b ../drivers/fsl_lpuart.o
 .debug_info    0x00009173      0x3cb ../CMSIS/system_MKW41Z4.o

.debug_abbrev   0x00000000     0x171b
 .debug_abbrev  0x00000000      0x16d ../startup/startup_mkw41z4.o
 .debug_abbrev  0x0000016d      0x264 ../source/main.o
 .debug_abbrev  0x000003d1       0x63 ../freertos/fsl_tickless_lptmr.o
 .debug_abbrev  0x00000434      0x273 ../freertos/heap_4.o
 .debug_abbrev  0x000006a7      0x1fe ../freertos/list.o
 .debug_abbrev  0x000008a5      0x16f ../freertos/port.o
 .debug_abbrev  0x00000a14      0x2a8 ../freertos/queue.o
 .debug_abbrev  0x00000cbc      0x337 ../freertos/tasks.o
 .debug_abbrev  0x00000ff3      0x2b0 ../freertos/timers.o
 .debug_abbrev  0x000012a3      0x362 ../drivers/fsl_lpuart.o
 .debug_abbrev  0x00001605      0x116 ../CMSIS/system_MKW41Z4.o

.debug_aranges  0x00000000      0x7e0
 .debug_aranges
                0x00000000      0x160 ../startup/startup_mkw41z4.o
 .debug_aranges
                0x00000160       0x48 ../source/main.o
 .debug_aranges
                0x000001a8       0x20 ../freertos/fsl_tickless_lptmr.o
 .debug_aranges
                0x000001c8       0x50 ../freertos/heap_4.o
 .debug_aranges
                0x00000218       0x40 ../freertos/list.o
 .debug_aranges
                0x00000258       0x80 ../freertos/port.o
 .debug_aranges
                0x000002d8      0x118 ../freertos/queue.o
 .debug_aranges
                0x000003f0      0x1e8 ../freertos/tasks.o
 .debug_aranges
                0x000005d8       0xc8 ../freertos/timers.o
 .debug_aranges
                0x000006a0      0x118 ../drivers/fsl_lpuart.o
 .debug_aranges
                0x000007b8       0x28 ../CMSIS/system_MKW41Z4.o

.debug_ranges   0x00000000      0x730
 .debug_ranges  0x00000000      0x150 ../startup/startup_mkw41z4.o
 .debug_ranges  0x00000150       0x38 ../source/main.o
 .debug_ranges  0x00000188       0x10 ../freertos/fsl_tickless_lptmr.o
 .debug_ranges  0x00000198       0x40 ../freertos/heap_4.o
 .debug_ranges  0x000001d8       0x30 ../freertos/list.o
 .debug_ranges  0x00000208       0x70 ../freertos/port.o
 .debug_ranges  0x00000278      0x108 ../freertos/queue.o
 .debug_ranges  0x00000380      0x1d8 ../freertos/tasks.o
 .debug_ranges  0x00000558       0xb8 ../freertos/timers.o
 .debug_ranges  0x00000610      0x108 ../drivers/fsl_lpuart.o
 .debug_ranges  0x00000718       0x18 ../CMSIS/system_MKW41Z4.o

.debug_macro    0x00000000     0x300f
 .debug_macro   0x00000000       0x29 ../startup/startup_mkw41z4.o
 .debug_macro   0x00000029      0x8ce ../startup/startup_mkw41z4.o
 .debug_macro   0x000008f7      0x28d ../source/main.o
 .debug_macro   0x00000b84       0x52 ../source/main.o
 .debug_macro   0x00000bd6       0x8d ../source/main.o
 .debug_macro   0x00000c63       0x35 ../source/main.o
 .debug_macro   0x00000c98       0x9c ../source/main.o
 .debug_macro   0x00000d34       0x16 ../source/main.o
 .debug_macro   0x00000d4a       0x57 ../source/main.o
 .debug_macro   0x00000da1       0x97 ../source/main.o
 .debug_macro   0x00000e38      0x330 ../source/main.o
 .debug_macro   0x00001168       0xfd ../source/main.o
 .debug_macro   0x00001265       0x10 ../source/main.o
 .debug_macro   0x00001275       0x58 ../source/main.o
 .debug_macro   0x000012cd       0x1f ../source/main.o
 .debug_macro   0x000012ec       0x43 ../source/main.o
 .debug_macro   0x0000132f       0x20 ../source/main.o
 .debug_macro   0x0000134f      0x187 ../source/main.o
 .debug_macro   0x000014d6       0x10 ../source/main.o
 .debug_macro   0x000014e6       0x1c ../source/main.o
 .debug_macro   0x00001502       0x52 ../source/main.o
 .debug_macro   0x00001554       0x40 ../source/main.o
 .debug_macro   0x00001594       0x10 ../source/main.o
 .debug_macro   0x000015a4       0x40 ../source/main.o
 .debug_macro   0x000015e4       0xd7 ../source/main.o
 .debug_macro   0x000016bb       0x16 ../source/main.o
 .debug_macro   0x000016d1      0x18b ../source/main.o
 .debug_macro   0x0000185c      0x18b ../source/main.o
 .debug_macro   0x000019e7      0x168 ../source/main.o
 .debug_macro   0x00001b4f       0xb6 ../source/main.o
 .debug_macro   0x00001c05       0x10 ../source/main.o
 .debug_macro   0x00001c15       0x1f ../source/main.o
 .debug_macro   0x00001c34      0x361 ../source/main.o
 .debug_macro   0x00001f95       0xc0 ../source/main.o
 .debug_macro   0x00002055       0x8c ../source/main.o
 .debug_macro   0x000020e1       0xe4 ../freertos/fsl_tickless_lptmr.o
 .debug_macro   0x000021c5       0x8e ../freertos/fsl_tickless_lptmr.o
 .debug_macro   0x00002253      0x1ad ../freertos/heap_4.o
 .debug_macro   0x00002400      0x186 ../freertos/list.o
 .debug_macro   0x00002586       0xf6 ../freertos/port.o
 .debug_macro   0x0000267c      0x202 ../freertos/queue.o
 .debug_macro   0x0000287e       0x16 ../freertos/queue.o
 .debug_macro   0x00002894       0x35 ../freertos/queue.o
 .debug_macro   0x000028c9       0x94 ../freertos/queue.o
 .debug_macro   0x0000295d      0x262 ../freertos/tasks.o
 .debug_macro   0x00002bbf       0x11 ../freertos/tasks.o
 .debug_macro   0x00002bd0      0x1b9 ../freertos/timers.o
 .debug_macro   0x00002d89      0x1c1 ../drivers/fsl_lpuart.o
 .debug_macro   0x00002f4a       0xc5 ../CMSIS/system_MKW41Z4.o

.debug_line     0x00000000     0x42c4
 .debug_line    0x00000000      0x128 ../startup/startup_mkw41z4.o
 .debug_line    0x00000128      0x587 ../source/main.o
 .debug_line    0x000006af      0x33d ../freertos/fsl_tickless_lptmr.o
 .debug_line    0x000009ec      0x4b0 ../freertos/heap_4.o
 .debug_line    0x00000e9c      0x406 ../freertos/list.o
 .debug_line    0x000012a2      0x43e ../freertos/port.o
 .debug_line    0x000016e0      0x9e6 ../freertos/queue.o
 .debug_line    0x000020c6      0xee7 ../freertos/tasks.o
 .debug_line    0x00002fad      0x68c ../freertos/timers.o
 .debug_line    0x00003639      0x923 ../drivers/fsl_lpuart.o
 .debug_line    0x00003f5c      0x368 ../CMSIS/system_MKW41Z4.o

.debug_str      0x00000000    0xa6b9c
 .debug_str     0x00000000     0x294e ../startup/startup_mkw41z4.o
                               0x299b (size before relaxing)
 .debug_str     0x0000294e    0x97ba2 ../source/main.o
                              0x9a4d3 (size before relaxing)
 .debug_str     0x0009a4f0      0x43c ../freertos/fsl_tickless_lptmr.o
                               0x6e70 (size before relaxing)
 .debug_str     0x0009a92c      0x36a ../freertos/heap_4.o
                               0x997a (size before relaxing)
 .debug_str     0x0009ac96      0x11e ../freertos/list.o
                               0x929d (size before relaxing)
 .debug_str     0x0009adb4      0x17b ../freertos/port.o
                               0x7017 (size before relaxing)
 .debug_str     0x0009af2f      0xf81 ../freertos/queue.o
                               0xa80a (size before relaxing)
 .debug_str     0x0009beb0     0x1ad2 ../freertos/tasks.o
                               0xb47d (size before relaxing)
 .debug_str     0x0009d982      0x4c6 ../freertos/timers.o
                               0xad49 (size before relaxing)
 .debug_str     0x0009de48     0x8cf0 ../drivers/fsl_lpuart.o
                              0x9ec43 (size before relaxing)
 .debug_str     0x000a6b38       0x64 ../CMSIS/system_MKW41Z4.o
                              0x99f21 (size before relaxing)

.comment        0x00000000       0xed
 .comment       0x00000000       0x7f ../startup/startup_mkw41z4.o
                                 0x80 (size before relaxing)
 .comment       0x0000007f       0x80 ../source/main.o
 .comment       0x0000007f       0x80 ../freertos/fsl_tickless_lptmr.o
 .comment       0x0000007f       0x80 ../freertos/heap_4.o
 .comment       0x0000007f       0x80 ../freertos/list.o
 .comment       0x0000007f       0x80 ../freertos/port.o
 .comment       0x0000007f       0x80 ../freertos/queue.o
 .comment       0x0000007f       0x80 ../freertos/tasks.o
 .comment       0x0000007f       0x80 ../freertos/timers.o
 .comment       0x0000007f       0x80 ../drivers/fsl_lpuart.o
 .comment       0x0000007f       0x80 ../CMSIS/system_MKW41Z4.o
 .comment       0x0000007f       0x6e libcr_semihost_nf.a(_cr__main.o)
                                 0x6f (size before relaxing)
 .comment       0x000000ed       0x6f libcr_c.a(memcpy.o)
 .comment       0x000000ed       0x6f libcr_c.a(memset.o)
 .comment       0x000000ed       0x6f libcr_c.a(initio.o)
 .comment       0x000000ed       0x6f libcr_c.a(setvbuf.o)
 .comment       0x000000ed       0x6f libcr_c.a(_fdopen.o)
 .comment       0x000000ed       0x6f libcr_c.a(fclose.o)
 .comment       0x000000ed       0x6f libcr_c.a(fflush.o)
 .comment       0x000000ed       0x6f libcr_c.a(fseek.o)
 .comment       0x000000ed       0x6f libcr_c.a(ftell.o)
 .comment       0x000000ed       0x6f libcr_c.a(remove.o)
 .comment       0x000000ed       0x6f libcr_c.a(strlen.o)
 .comment       0x000000ed       0x6f libcr_c.a(_do_fflush.o)
 .comment       0x000000ed       0x6f libcr_c.a(_fflush.o)
 .comment       0x000000ed       0x6f libcr_c.a(_writebuf.o)
 .comment       0x000000ed       0x6f libcr_c.a(alloc.o)
 .comment       0x000000ed       0x6f libcr_c.a(errno.o)
 .comment       0x000000ed       0x6f libcr_c.a(_deferredlazyseek.o)
 .comment       0x000000ed       0x6f libcr_semihost_nf.a(__ciob.o)

.ARM.attributes
                0x00000000       0x30
 .ARM.attributes
                0x00000000       0x32 ../startup/startup_mkw41z4.o
 .ARM.attributes
                0x00000032       0x32 ../source/main.o
 .ARM.attributes
                0x00000064       0x32 ../freertos/fsl_tickless_lptmr.o
 .ARM.attributes
                0x00000096       0x32 ../freertos/heap_4.o
 .ARM.attributes
                0x000000c8       0x32 ../freertos/list.o
 .ARM.attributes
                0x000000fa       0x32 ../freertos/port.o
 .ARM.attributes
                0x0000012c       0x32 ../freertos/queue.o
 .ARM.attributes
                0x0000015e       0x32 ../freertos/tasks.o
 .ARM.attributes
                0x00000190       0x32 ../freertos/timers.o
 .ARM.attributes
                0x000001c2       0x32 ../drivers/fsl_lpuart.o
 .ARM.attributes
                0x000001f4       0x32 ../CMSIS/system_MKW41Z4.o
 .ARM.attributes
                0x00000226       0x31 libcr_semihost_nf.a(_cr__main.o)
 .ARM.attributes
                0x00000257       0x31 libcr_c.a(memcpy.o)
 .ARM.attributes
                0x00000288       0x31 libcr_c.a(memset.o)
 .ARM.attributes
                0x000002b9       0x31 libcr_c.a(initio.o)
 .ARM.attributes
                0x000002ea       0x31 libcr_c.a(setvbuf.o)
 .ARM.attributes
                0x0000031b       0x31 libcr_c.a(_fdopen.o)
 .ARM.attributes
                0x0000034c       0x31 libcr_c.a(fclose.o)
 .ARM.attributes
                0x0000037d       0x31 libcr_c.a(fflush.o)
 .ARM.attributes
                0x000003ae       0x31 libcr_c.a(fseek.o)
 .ARM.attributes
                0x000003df       0x31 libcr_c.a(ftell.o)
 .ARM.attributes
                0x00000410       0x31 libcr_c.a(remove.o)
 .ARM.attributes
                0x00000441       0x31 libcr_c.a(strlen.o)
 .ARM.attributes
                0x00000472       0x31 libcr_c.a(_do_fflush.o)
 .ARM.attributes
                0x000004a3       0x31 libcr_c.a(_fflush.o)
 .ARM.attributes
                0x000004d4       0x31 libcr_c.a(_writebuf.o)
 .ARM.attributes
                0x00000505       0x31 libcr_c.a(alloc.o)
 .ARM.attributes
                0x00000536       0x31 libcr_c.a(errno.o)
 .ARM.attributes
                0x00000567       0x31 libcr_c.a(_deferredlazyseek.o)
 .ARM.attributes
                0x00000598       0x21 libcr_eabihelpers.a(division_32.o)
 .ARM.attributes
                0x000005b9       0x21 libcr_eabihelpers.a(division_idiv0.o)
 .ARM.attributes
                0x000005da       0x21 libcr_eabihelpers.a(memcpy.o)
 .ARM.attributes
                0x000005fb       0x31 libcr_semihost_nf.a(__ciob.o)
 .ARM.attributes
                0x0000062c       0x21 libcr_semihost_nf.a(__sys_close.o)
 .ARM.attributes
                0x0000064d       0x21 libcr_semihost_nf.a(__sys_flen.o)
 .ARM.attributes
                0x0000066e       0x21 libcr_semihost_nf.a(__sys_istty.o)
 .ARM.attributes
                0x0000068f       0x21 libcr_semihost_nf.a(__sys_remove.o)
 .ARM.attributes
                0x000006b0       0x21 libcr_semihost_nf.a(__sys_seek.o)
 .ARM.attributes
                0x000006d1       0x21 libcr_semihost_nf.a(__sys_tmpnam.o)
 .ARM.attributes
                0x000006f2       0x21 libcr_semihost_nf.a(__sys_write.o)

.debug_frame    0x00000000     0x1a04
 .debug_frame   0x00000000      0x3b0 ../startup/startup_mkw41z4.o
 .debug_frame   0x000003b0       0xd0 ../source/main.o
 .debug_frame   0x00000480       0x30 ../freertos/fsl_tickless_lptmr.o
 .debug_frame   0x000004b0       0xe4 ../freertos/heap_4.o
 .debug_frame   0x00000594       0xb0 ../freertos/list.o
 .debug_frame   0x00000644      0x154 ../freertos/port.o
 .debug_frame   0x00000798      0x410 ../freertos/queue.o
 .debug_frame   0x00000ba8      0x73c ../freertos/tasks.o
 .debug_frame   0x000012e4      0x2c8 ../freertos/timers.o
 .debug_frame   0x000015ac      0x40c ../drivers/fsl_lpuart.o
 .debug_frame   0x000019b8       0x4c ../CMSIS/system_MKW41Z4.o
