Archive member included to satisfy reference by file (symbol)

libcr_c.a(memcpy.o)           ../freertos/queue.o (memcpy)
libcr_c.a(memset.o)           ../freertos/tasks.o (memset)
libcr_c.a(fpprintf.o)         ../drivers/fsl_common.o (printf)
libcr_c.a(printf.o)           libcr_c.a(fpprintf.o) (__vfprintf)
libcr_c.a(strlen.o)           libcr_c.a(printf.o) (strlen)
libcr_c.a(_deferredlazyseek.o)
                              libcr_c.a(fpprintf.o) (__flsbuf)
libcr_c.a(_fflush.o)          libcr_c.a(_deferredlazyseek.o) (_fflush)
libcr_c.a(_frexpl.o)          libcr_c.a(fpprintf.o) (_frexpl)
libcr_c.a(_ldexpl.o)          libcr_c.a(fpprintf.o) (_ldexpl)
libcr_c.a(_writebuf.o)        libcr_c.a(_deferredlazyseek.o) (_Cwritebuf)
libcr_c.a(alloc.o)            libcr_c.a(fpprintf.o) (malloc)
libcr_c.a(errno.o)            libcr_c.a(_ldexpl.o) (errno)
libcr_c.a(fseek.o)            libcr_c.a(_deferredlazyseek.o) (fseek)
libcr_c.a(ftell.o)            libcr_c.a(fseek.o) (ftell)
libcr_c.a(__init_alloc.o)     libcr_c.a(alloc.o) (__heaps)
libcr_c.a(_cr_sbrk.o)         libcr_c.a(alloc.o) (_sbrk)
libcr_c.a(_hugeval.o)         libcr_c.a(_ldexpl.o) (__huge_vall)
libcr_c.a(_cr_check_heap.o)   libcr_c.a(_cr_sbrk.o) (__check_heap_overflow)
libcr_eabihelpers.a(division_32.o)
                              libcr_c.a(fpprintf.o) (__aeabi_idiv)
libcr_eabihelpers.a(division_idiv0.o)
                              libcr_eabihelpers.a(division_32.o) (__aeabi_idiv0)
libcr_eabihelpers.a(double.o)
                              libcr_c.a(fpprintf.o) (__aeabi_dmul)
libcr_eabihelpers.a(llong.o)  libcr_c.a(printf.o) (__aeabi_lmul)
libcr_eabihelpers.a(memcpy.o)
                              libcr_c.a(memcpy.o) (__aeabi_memcpy)
libcr_semihost_nf.a(__ciob.o)
                              libcr_c.a(fpprintf.o) (__Ciob)
libcr_semihost_nf.a(__sys_appexit.o)
                              libcr_c.a(alloc.o) (__sys_appexit)
libcr_semihost_nf.a(__sys_flen.o)
                              libcr_c.a(_writebuf.o) (__sys_flen)
libcr_semihost_nf.a(__sys_istty.o)
                              libcr_c.a(_deferredlazyseek.o) (__sys_istty)
libcr_semihost_nf.a(__sys_seek.o)
                              libcr_c.a(_writebuf.o) (__sys_seek)
libcr_semihost_nf.a(__sys_write.o)
                              libcr_c.a(fpprintf.o) (__sys_write)

Allocating common symbols
Common symbol       size              file

xQueueRegistry      0x40              ../freertos/queue.o
g_xtal32Freq        0x4               ../drivers/fsl_clock.o
g_xtal0Freq         0x4               ../drivers/fsl_clock.o

Discarded input sections

 .text          0x00000000        0x0 ../startup/startup_mkw41z4.o
 .data          0x00000000        0x0 ../startup/startup_mkw41z4.o
 .bss           0x00000000        0x0 ../startup/startup_mkw41z4.o
 .text          0x00000000        0x0 ../source/board.o
 .data          0x00000000        0x0 ../source/board.o
 .bss           0x00000000        0x0 ../source/board.o
 .text.BOARD_InitDebugConsole
                0x00000000        0xa ../source/board.o
 .comment       0x00000000       0x80 ../source/board.o
 .ARM.attributes
                0x00000000       0x32 ../source/board.o
 .text          0x00000000        0x0 ../source/clock_config.o
 .data          0x00000000        0x0 ../source/clock_config.o
 .bss           0x00000000        0x0 ../source/clock_config.o
 .text.BOARD_InitBootClocks
                0x00000000        0xe ../source/clock_config.o
 .comment       0x00000000       0x80 ../source/clock_config.o
 .ARM.attributes
                0x00000000       0x32 ../source/clock_config.o
 .text          0x00000000        0x0 ../source/main.o
 .data          0x00000000        0x0 ../source/main.o
 .bss           0x00000000        0x0 ../source/main.o
 .text          0x00000000        0x0 ../source/pin_mux.o
 .data          0x00000000        0x0 ../source/pin_mux.o
 .bss           0x00000000        0x0 ../source/pin_mux.o
 .text.BOARD_InitBootPins
                0x00000000        0xa ../source/pin_mux.o
 .comment       0x00000000       0x80 ../source/pin_mux.o
 .ARM.attributes
                0x00000000       0x32 ../source/pin_mux.o
 .text          0x00000000        0x0 ../freertos/croutine.o
 .data          0x00000000        0x0 ../freertos/croutine.o
 .bss           0x00000000        0x0 ../freertos/croutine.o
 .comment       0x00000000       0x80 ../freertos/croutine.o
 .ARM.attributes
                0x00000000       0x32 ../freertos/croutine.o
 .text          0x00000000        0x0 ../freertos/event_groups.o
 .data          0x00000000        0x0 ../freertos/event_groups.o
 .bss           0x00000000        0x0 ../freertos/event_groups.o
 .text.xEventGroupCreate
                0x00000000       0x30 ../freertos/event_groups.o
 .text.xEventGroupSync
                0x00000000      0x118 ../freertos/event_groups.o
 .text.xEventGroupWaitBits
                0x00000000      0x148 ../freertos/event_groups.o
 .text.xEventGroupClearBits
                0x00000000       0x4a ../freertos/event_groups.o
 .text.xEventGroupClearBitsFromISR
                0x00000000       0x28 ../freertos/event_groups.o
 .text.xEventGroupGetBitsFromISR
                0x00000000       0x2c ../freertos/event_groups.o
 .text.xEventGroupSetBits
                0x00000000       0xf2 ../freertos/event_groups.o
 .text.vEventGroupDelete
                0x00000000       0x54 ../freertos/event_groups.o
 .text.vEventGroupSetBitsCallback
                0x00000000       0x1e ../freertos/event_groups.o
 .text.vEventGroupClearBitsCallback
                0x00000000       0x1e ../freertos/event_groups.o
 .text.prvTestWaitCondition
                0x00000000       0x3e ../freertos/event_groups.o
 .text.xEventGroupSetBitsFromISR
                0x00000000       0x2c ../freertos/event_groups.o
 .text.uxEventGroupGetNumber
                0x00000000       0x28 ../freertos/event_groups.o
 .comment       0x00000000       0x80 ../freertos/event_groups.o
 .ARM.attributes
                0x00000000       0x32 ../freertos/event_groups.o
 .text          0x00000000        0x0 ../freertos/fsl_tickless_lptmr.o
 .data          0x00000000        0x0 ../freertos/fsl_tickless_lptmr.o
 .bss           0x00000000        0x0 ../freertos/fsl_tickless_lptmr.o
 .text          0x00000000        0x0 ../freertos/fsl_tickless_systick.o
 .data          0x00000000        0x0 ../freertos/fsl_tickless_systick.o
 .bss           0x00000000        0x0 ../freertos/fsl_tickless_systick.o
 .text.prvSetupTimerInterrupt
                0x00000000       0x3c ../freertos/fsl_tickless_systick.o
 .comment       0x00000000       0x80 ../freertos/fsl_tickless_systick.o
 .ARM.attributes
                0x00000000       0x32 ../freertos/fsl_tickless_systick.o
 .text          0x00000000        0x0 ../freertos/heap_4.o
 .data          0x00000000        0x0 ../freertos/heap_4.o
 .rodata        0x00000000        0x4 ../freertos/heap_4.o
 .text.xPortGetFreeHeapSize
                0x00000000       0x14 ../freertos/heap_4.o
 .text.xPortGetMinimumEverFreeHeapSize
                0x00000000       0x14 ../freertos/heap_4.o
 .text.vPortInitialiseBlocks
                0x00000000        0xa ../freertos/heap_4.o
 .text          0x00000000        0x0 ../freertos/list.o
 .data          0x00000000        0x0 ../freertos/list.o
 .bss           0x00000000        0x0 ../freertos/list.o
 .text          0x00000000        0x0 ../freertos/port.o
 .bss           0x00000000        0x0 ../freertos/port.o
 .text.vPortEndScheduler
                0x00000000       0x20 ../freertos/port.o
 .text          0x00000000        0x0 ../freertos/queue.o
 .data          0x00000000        0x0 ../freertos/queue.o
 .bss           0x00000000        0x0 ../freertos/queue.o
 .text.prvInitialiseMutex
                0x00000000       0x34 ../freertos/queue.o
 .text.xQueueCreateMutex
                0x00000000       0x38 ../freertos/queue.o
 .text.xQueueGiveMutexRecursive
                0x00000000       0x56 ../freertos/queue.o
 .text.xQueueTakeMutexRecursive
                0x00000000       0x60 ../freertos/queue.o
 .text.xQueueCreateCountingSemaphore
                0x00000000       0x46 ../freertos/queue.o
 .text.xQueueGiveFromISR
                0x00000000       0xcc ../freertos/queue.o
 .text.xQueueReceiveFromISR
                0x00000000       0xc8 ../freertos/queue.o
 .text.xQueuePeekFromISR
                0x00000000       0x84 ../freertos/queue.o
 .text.uxQueueMessagesWaiting
                0x00000000       0x2a ../freertos/queue.o
 .text.uxQueueSpacesAvailable
                0x00000000       0x34 ../freertos/queue.o
 .text.uxQueueMessagesWaitingFromISR
                0x00000000       0x22 ../freertos/queue.o
 .text.vQueueDelete
                0x00000000       0x2e ../freertos/queue.o
 .text.uxQueueGetQueueNumber
                0x00000000       0x14 ../freertos/queue.o
 .text.vQueueSetQueueNumber
                0x00000000       0x18 ../freertos/queue.o
 .text.ucQueueGetQueueType
                0x00000000       0x16 ../freertos/queue.o
 .text.xQueueIsQueueEmptyFromISR
                0x00000000       0x2e ../freertos/queue.o
 .text.xQueueIsQueueFullFromISR
                0x00000000       0x32 ../freertos/queue.o
 .text.pcQueueGetName
                0x00000000       0x4c ../freertos/queue.o
 .text.vQueueUnregisterQueue
                0x00000000       0x54 ../freertos/queue.o
 .text          0x00000000        0x0 ../freertos/tasks.o
 .data          0x00000000        0x0 ../freertos/tasks.o
 .text.vTaskDelete
                0x00000000       0xc8 ../freertos/tasks.o
 .text.vTaskDelayUntil
                0x00000000       0xb8 ../freertos/tasks.o
 .text.eTaskGetState
                0x00000000       0xbc ../freertos/tasks.o
 .text.uxTaskPriorityGet
                0x00000000       0x34 ../freertos/tasks.o
 .text.uxTaskPriorityGetFromISR
                0x00000000       0x3c ../freertos/tasks.o
 .text.vTaskPrioritySet
                0x00000000      0x124 ../freertos/tasks.o
 .text.vTaskSuspend
                0x00000000       0xb8 ../freertos/tasks.o
 .text.prvTaskIsTaskSuspended
                0x00000000       0x60 ../freertos/tasks.o
 .text.vTaskResume
                0x00000000       0x9c ../freertos/tasks.o
 .text.xTaskResumeFromISR
                0x00000000       0xbc ../freertos/tasks.o
 .text.vTaskEndScheduler
                0x00000000       0x1c ../freertos/tasks.o
 .text.xTaskGetTickCountFromISR
                0x00000000       0x20 ../freertos/tasks.o
 .text.uxTaskGetNumberOfTasks
                0x00000000       0x14 ../freertos/tasks.o
 .text.pcTaskGetName
                0x00000000       0x34 ../freertos/tasks.o
 .text.uxTaskGetSystemState
                0x00000000      0x11c ../freertos/tasks.o
 .text.vTaskPlaceOnUnorderedEventList
                0x00000000       0x5c ../freertos/tasks.o
 .text.xTaskRemoveFromUnorderedEventList
                0x00000000       0xb0 ../freertos/tasks.o
 .text.uxTaskGetTaskNumber
                0x00000000       0x28 ../freertos/tasks.o
 .text.vTaskSetTaskNumber
                0x00000000       0x22 ../freertos/tasks.o
 .text.vTaskSetThreadLocalStoragePointer
                0x00000000       0x3c ../freertos/tasks.o
 .text.pvTaskGetThreadLocalStoragePointer
                0x00000000       0x44 ../freertos/tasks.o
 .text.vTaskGetInfo
                0x00000000       0xc4 ../freertos/tasks.o
 .text.prvListTasksWithinSingleList
                0x00000000       0xa6 ../freertos/tasks.o
 .text.prvTaskCheckFreeStackSpace
                0x00000000       0x34 ../freertos/tasks.o
 .text.xTaskGetCurrentTaskHandle
                0x00000000       0x1c ../freertos/tasks.o
 .text.uxTaskResetEventItemValue
                0x00000000       0x2c ../freertos/tasks.o
 .text.ulTaskNotifyTake
                0x00000000       0x84 ../freertos/tasks.o
 .text.xTaskNotifyWait
                0x00000000       0xa8 ../freertos/tasks.o
 .text.vTaskNotifyGiveFromISR
                0x00000000       0xf4 ../freertos/tasks.o
 .text.xTaskNotifyStateClear
                0x00000000       0x4c ../freertos/tasks.o
 .text          0x00000000        0x0 ../freertos/timers.o
 .data          0x00000000        0x0 ../freertos/timers.o
 .text.xTimerCreate
                0x00000000       0x3e ../freertos/timers.o
 .text.prvInitialiseNewTimer
                0x00000000       0x52 ../freertos/timers.o
 .text.xTimerGetTimerDaemonTaskHandle
                0x00000000       0x20 ../freertos/timers.o
 .text.xTimerGetPeriod
                0x00000000       0x22 ../freertos/timers.o
 .text.xTimerGetExpiryTime
                0x00000000       0x26 ../freertos/timers.o
 .text.pcTimerGetName
                0x00000000       0x22 ../freertos/timers.o
 .text.xTimerIsTimerActive
                0x00000000       0x34 ../freertos/timers.o
 .text.pvTimerGetTimerID
                0x00000000       0x2e ../freertos/timers.o
 .text.vTimerSetTimerID
                0x00000000       0x2e ../freertos/timers.o
 .text.xTimerPendFunctionCallFromISR
                0x00000000       0x54 ../freertos/timers.o
 .text.xTimerPendFunctionCall
                0x00000000       0x60 ../freertos/timers.o
 .text          0x00000000        0x0 ../drivers/fsl_clock.o
 .data          0x00000000        0x8 ../drivers/fsl_clock.o
 .bss           0x00000000        0x0 ../drivers/fsl_clock.o
 .text.CLOCK_SetEr32kClock
                0x00000000       0x30 ../drivers/fsl_clock.o
 .text.CLOCK_FllStableDelay
                0x00000000       0x24 ../drivers/fsl_clock.o
 .rodata        0x00000000      0x10c ../drivers/fsl_clock.o
 .text.CLOCK_GetMcgExtClkFreq
                0x00000000       0x84 ../drivers/fsl_clock.o
 .text.CLOCK_GetFllExtRefClkFreq
                0x00000000       0xb8 ../drivers/fsl_clock.o
 .text.CLOCK_GetInternalRefClkSelectFreq
                0x00000000       0x40 ../drivers/fsl_clock.o
 .text.CLOCK_GetFllRefClkFreq
                0x00000000       0x2c ../drivers/fsl_clock.o
 .text.CLOCK_GetOscRangeFromFreq
                0x00000000       0x4c ../drivers/fsl_clock.o
 .text.CLOCK_GetEr32kClkFreq
                0x00000000       0x6c ../drivers/fsl_clock.o
 .text.CLOCK_GetOsc0ErClkFreq
                0x00000000       0x38 ../drivers/fsl_clock.o
 .text.CLOCK_GetPlatClkFreq
                0x00000000       0x2c ../drivers/fsl_clock.o
 .text.CLOCK_GetFlashClkFreq
                0x00000000       0x50 ../drivers/fsl_clock.o
 .text.CLOCK_GetBusClkFreq
                0x00000000       0x50 ../drivers/fsl_clock.o
 .text.CLOCK_GetCoreSysClkFreq
                0x00000000       0x2c ../drivers/fsl_clock.o
 .text.CLOCK_GetFreq
                0x00000000       0xe8 ../drivers/fsl_clock.o
 .text.CLOCK_SetSimConfig
                0x00000000       0x2c ../drivers/fsl_clock.o
 .text.CLOCK_GetOutClkFreq
                0x00000000       0x54 ../drivers/fsl_clock.o
 .text.CLOCK_GetFllFreq
                0x00000000       0x78 ../drivers/fsl_clock.o
 .text.CLOCK_GetInternalRefClkFreq
                0x00000000       0x28 ../drivers/fsl_clock.o
 .text.CLOCK_GetFixedFreqClkFreq
                0x00000000       0x30 ../drivers/fsl_clock.o
 .text.CLOCK_SetExternalRefClkConfig
                0x00000000       0x80 ../drivers/fsl_clock.o
 .text.CLOCK_SetInternalRefClkConfig
                0x00000000      0x128 ../drivers/fsl_clock.o
 .text.CLOCK_SetOsc0MonitorMode
                0x00000000       0x80 ../drivers/fsl_clock.o
 .text.CLOCK_SetRtcOscMonitorMode
                0x00000000       0x70 ../drivers/fsl_clock.o
 .text.CLOCK_GetStatusFlags
                0x00000000       0x30 ../drivers/fsl_clock.o
 .text.CLOCK_ClearStatusFlags
                0x00000000       0x30 ../drivers/fsl_clock.o
 .text.CLOCK_InitOsc0
                0x00000000       0x6c ../drivers/fsl_clock.o
 .text.CLOCK_DeinitOsc0
                0x00000000       0x20 ../drivers/fsl_clock.o
 .text.CLOCK_TrimInternalRefClk
                0x00000000      0x170 ../drivers/fsl_clock.o
 .text.CLOCK_GetMode
                0x00000000       0xa8 ../drivers/fsl_clock.o
 .text.CLOCK_SetFeiMode
                0x00000000       0xe0 ../drivers/fsl_clock.o
 .text.CLOCK_SetFeeMode
                0x00000000      0x140 ../drivers/fsl_clock.o
 .text.CLOCK_SetFbiMode
                0x00000000       0xf0 ../drivers/fsl_clock.o
 .text.CLOCK_SetFbeMode
                0x00000000      0x13c ../drivers/fsl_clock.o
 .text.CLOCK_SetBlpiMode
                0x00000000       0x20 ../drivers/fsl_clock.o
 .text.CLOCK_SetBlpeMode
                0x00000000       0x20 ../drivers/fsl_clock.o
 .text.CLOCK_ExternalModeToFbeModeQuick
                0x00000000       0x4c ../drivers/fsl_clock.o
 .text.CLOCK_InternalModeToFbiModeQuick
                0x00000000       0x48 ../drivers/fsl_clock.o
 .text.CLOCK_BootToFeiMode
                0x00000000       0x2e ../drivers/fsl_clock.o
 .text.CLOCK_BootToFeeMode
                0x00000000       0x4e ../drivers/fsl_clock.o
 .text.CLOCK_BootToBlpiMode
                0x00000000       0x78 ../drivers/fsl_clock.o
 .text.CLOCK_BootToBlpeMode
                0x00000000       0x8c ../drivers/fsl_clock.o
 .text.CLOCK_SetMcgConfig
                0x00000000      0x174 ../drivers/fsl_clock.o
 .comment       0x00000000       0x80 ../drivers/fsl_clock.o
 .ARM.attributes
                0x00000000       0x32 ../drivers/fsl_clock.o
 COMMON         0x00000000        0x8 ../drivers/fsl_clock.o
 .text          0x00000000        0x0 ../drivers/fsl_common.o
 .data          0x00000000        0x0 ../drivers/fsl_common.o
 .bss           0x00000000        0x0 ../drivers/fsl_common.o
 .text.DisableGlobalIRQ
                0x00000000       0x1c ../drivers/fsl_common.o
 .text.EnableGlobalIRQ
                0x00000000       0x1a ../drivers/fsl_common.o
 .rodata        0x00000000       0x3e ../drivers/fsl_common.o
 .text.__assert_func
                0x00000000       0x28 ../drivers/fsl_common.o
 .text.InstallIRQHandler
                0x00000000       0x98 ../drivers/fsl_common.o
 .comment       0x00000000       0x80 ../drivers/fsl_common.o
 .ARM.attributes
                0x00000000       0x32 ../drivers/fsl_common.o
 .text          0x00000000        0x0 ../drivers/fsl_gpio.o
 .data          0x00000000        0x0 ../drivers/fsl_gpio.o
 .bss           0x00000000        0x0 ../drivers/fsl_gpio.o
 .text.GPIO_WritePinOutput
                0x00000000       0x34 ../drivers/fsl_gpio.o
 .text.FGPIO_WritePinOutput
                0x00000000       0x3c ../drivers/fsl_gpio.o
 .rodata        0x00000000       0xd2 ../drivers/fsl_gpio.o
 .text.GPIO_GetInstance
                0x00000000       0x58 ../drivers/fsl_gpio.o
 .text.GPIO_PinInit
                0x00000000       0x70 ../drivers/fsl_gpio.o
 .text.GPIO_GetPinsInterruptFlags
                0x00000000       0x38 ../drivers/fsl_gpio.o
 .text.GPIO_ClearPinsInterruptFlags
                0x00000000       0x3c ../drivers/fsl_gpio.o
 .text.FGPIO_GetInstance
                0x00000000       0x58 ../drivers/fsl_gpio.o
 .text.FGPIO_PinInit
                0x00000000       0x70 ../drivers/fsl_gpio.o
 .text.FGPIO_GetPinsInterruptFlags
                0x00000000       0x38 ../drivers/fsl_gpio.o
 .text.FGPIO_ClearPinsInterruptFlags
                0x00000000       0x3c ../drivers/fsl_gpio.o
 .comment       0x00000000       0x80 ../drivers/fsl_gpio.o
 .ARM.attributes
                0x00000000       0x32 ../drivers/fsl_gpio.o
 .text          0x00000000        0x0 ../drivers/fsl_lpuart.o
 .data          0x00000000        0x0 ../drivers/fsl_lpuart.o
 .text.NVIC_EnableIRQ
                0x00000000       0x2c ../drivers/fsl_lpuart.o
 .text.CLOCK_EnableClock
                0x00000000       0x38 ../drivers/fsl_lpuart.o
 .text.CLOCK_DisableClock
                0x00000000       0x38 ../drivers/fsl_lpuart.o
 .text.EnableIRQ
                0x00000000       0x2c ../drivers/fsl_lpuart.o
 .rodata        0x00000000      0x2e5 ../drivers/fsl_lpuart.o
 .text.LPUART_GetInstance
                0x00000000       0x54 ../drivers/fsl_lpuart.o
 .text.LPUART_TransferGetRxRingBufferLength
                0x00000000       0x70 ../drivers/fsl_lpuart.o
 .text.LPUART_TransferIsRxRingBufferFull
                0x00000000       0x60 ../drivers/fsl_lpuart.o
 .text.LPUART_WriteNonBlocking
                0x00000000       0x54 ../drivers/fsl_lpuart.o
 .text.LPUART_ReadNonBlocking
                0x00000000       0x54 ../drivers/fsl_lpuart.o
 .text.LPUART_Init
                0x00000000      0x29c ../drivers/fsl_lpuart.o
 .text.LPUART_Deinit
                0x00000000       0x64 ../drivers/fsl_lpuart.o
 .text.LPUART_GetDefaultConfig
                0x00000000       0x60 ../drivers/fsl_lpuart.o
 .text.LPUART_SetBaudRate
                0x00000000      0x1a4 ../drivers/fsl_lpuart.o
 .text.LPUART_EnableInterrupts
                0x00000000       0x3a ../drivers/fsl_lpuart.o
 .text.LPUART_DisableInterrupts
                0x00000000       0x3e ../drivers/fsl_lpuart.o
 .text.LPUART_GetEnabledInterrupts
                0x00000000       0x30 ../drivers/fsl_lpuart.o
 .text.LPUART_GetStatusFlags
                0x00000000       0x18 ../drivers/fsl_lpuart.o
 .text.LPUART_ClearStatusFlags
                0x00000000       0x88 ../drivers/fsl_lpuart.o
 .text.LPUART_WriteBlocking
                0x00000000       0x5c ../drivers/fsl_lpuart.o
 .text.LPUART_ReadBlocking
                0x00000000       0xe8 ../drivers/fsl_lpuart.o
 .text.LPUART_TransferCreateHandle
                0x00000000       0x90 ../drivers/fsl_lpuart.o
 .text.LPUART_TransferStartRingBuffer
                0x00000000       0x78 ../drivers/fsl_lpuart.o
 .text.LPUART_TransferStopRingBuffer
                0x00000000       0x68 ../drivers/fsl_lpuart.o
 .text.LPUART_TransferSendNonBlocking
                0x00000000       0xd4 ../drivers/fsl_lpuart.o
 .text.LPUART_TransferAbortSend
                0x00000000       0x50 ../drivers/fsl_lpuart.o
 .text.LPUART_TransferGetSendCount
                0x00000000       0x70 ../drivers/fsl_lpuart.o
 .text.LPUART_TransferReceiveNonBlocking
                0x00000000      0x1e0 ../drivers/fsl_lpuart.o
 .text.LPUART_TransferAbortReceive
                0x00000000       0x58 ../drivers/fsl_lpuart.o
 .text.LPUART_TransferGetReceiveCount
                0x00000000       0x70 ../drivers/fsl_lpuart.o
 .text.LPUART_TransferHandleIRQ
                0x00000000      0x2b4 ../drivers/fsl_lpuart.o
 .text.LPUART_TransferHandleErrorIRQ
                0x00000000       0x12 ../drivers/fsl_lpuart.o
 .text          0x00000000        0x0 ../drivers/fsl_lpuart_freertos.o
 .data          0x00000000        0x0 ../drivers/fsl_lpuart_freertos.o
 .bss           0x00000000        0x0 ../drivers/fsl_lpuart_freertos.o
 .text.LPUART_EnableTx
                0x00000000       0x40 ../drivers/fsl_lpuart_freertos.o
 .text.LPUART_EnableRx
                0x00000000       0x40 ../drivers/fsl_lpuart_freertos.o
 .text.LPUART_RTOS_Callback
                0x00000000       0xd0 ../drivers/fsl_lpuart_freertos.o
 .text.LPUART_RTOS_Init
                0x00000000      0x178 ../drivers/fsl_lpuart_freertos.o
 .text.LPUART_RTOS_Deinit
                0x00000000       0x6c ../drivers/fsl_lpuart_freertos.o
 .text.LPUART_RTOS_Send
                0x00000000       0xa8 ../drivers/fsl_lpuart_freertos.o
 .text.LPUART_RTOS_Receive
                0x00000000      0x138 ../drivers/fsl_lpuart_freertos.o
 .comment       0x00000000       0x80 ../drivers/fsl_lpuart_freertos.o
 .ARM.attributes
                0x00000000       0x32 ../drivers/fsl_lpuart_freertos.o
 .text          0x00000000        0x0 ../CMSIS/system_MKW41Z4.o
 .bss           0x00000000        0x0 ../CMSIS/system_MKW41Z4.o
 .text          0x00000000        0x0 libcr_c.a(memcpy.o)
 .data          0x00000000        0x0 libcr_c.a(memcpy.o)
 .bss           0x00000000        0x0 libcr_c.a(memcpy.o)
 .text          0x00000000        0x0 libcr_c.a(memset.o)
 .data          0x00000000        0x0 libcr_c.a(memset.o)
 .bss           0x00000000        0x0 libcr_c.a(memset.o)
 .text          0x00000000        0x0 libcr_c.a(fpprintf.o)
 .data          0x00000000        0x0 libcr_c.a(fpprintf.o)
 .bss           0x00000000        0x0 libcr_c.a(fpprintf.o)
 .text.fp_round
                0x00000000       0x4a libcr_c.a(fpprintf.o)
 .text.pr_dec.constprop.1
                0x00000000       0x2a libcr_c.a(fpprintf.o)
 .text.fprintf  0x00000000       0x2c libcr_c.a(fpprintf.o)
 .text.printf_char
                0x00000000       0x34 libcr_c.a(fpprintf.o)
 .text.sprintf  0x00000000       0x6c libcr_c.a(fpprintf.o)
 .text.fp_display
                0x00000000      0x93c libcr_c.a(fpprintf.o)
 .text.snprintf
                0x00000000       0x6c libcr_c.a(fpprintf.o)
 .text.vfprintf
                0x00000000       0x1c libcr_c.a(fpprintf.o)
 .text.vprintf  0x00000000       0x28 libcr_c.a(fpprintf.o)
 .text.vsprintf
                0x00000000       0x60 libcr_c.a(fpprintf.o)
 .text.vsnprintf
                0x00000000       0x60 libcr_c.a(fpprintf.o)
 .text.printf   0x00000000       0x50 libcr_c.a(fpprintf.o)
 .rodata.str1.1
                0x00000000       0x35 libcr_c.a(fpprintf.o)
 .comment       0x00000000       0x6f libcr_c.a(fpprintf.o)
 .ARM.attributes
                0x00000000       0x31 libcr_c.a(fpprintf.o)
 .text          0x00000000        0x0 libcr_c.a(printf.o)
 .data          0x00000000        0x0 libcr_c.a(printf.o)
 .bss           0x00000000        0x0 libcr_c.a(printf.o)
 .text.no_fp_display
                0x00000000        0x4 libcr_c.a(printf.o)
 .text.__vfprintf
                0x00000000      0xd5c libcr_c.a(printf.o)
 .text._fprintf
                0x00000000       0x2c libcr_c.a(printf.o)
 .text._printf_char
                0x00000000       0x34 libcr_c.a(printf.o)
 .text._sprintf
                0x00000000       0x6c libcr_c.a(printf.o)
 .text._snprintf
                0x00000000       0x6c libcr_c.a(printf.o)
 .text._vfprintf
                0x00000000       0x20 libcr_c.a(printf.o)
 .text._vprintf
                0x00000000       0x28 libcr_c.a(printf.o)
 .text._vsprintf
                0x00000000       0x60 libcr_c.a(printf.o)
 .text._vsnprintf
                0x00000000       0x60 libcr_c.a(printf.o)
 .text._printf  0x00000000       0x50 libcr_c.a(printf.o)
 .rodata.str1.1
                0x00000000       0x38 libcr_c.a(printf.o)
 .comment       0x00000000       0x6f libcr_c.a(printf.o)
 .ARM.attributes
                0x00000000       0x31 libcr_c.a(printf.o)
 .text          0x00000000        0x0 libcr_c.a(strlen.o)
 .data          0x00000000        0x0 libcr_c.a(strlen.o)
 .bss           0x00000000        0x0 libcr_c.a(strlen.o)
 .text.strlen   0x00000000       0x54 libcr_c.a(strlen.o)
 .comment       0x00000000       0x6f libcr_c.a(strlen.o)
 .ARM.attributes
                0x00000000       0x31 libcr_c.a(strlen.o)
 .text          0x00000000        0x0 libcr_c.a(_deferredlazyseek.o)
 .data          0x00000000        0x0 libcr_c.a(_deferredlazyseek.o)
 .bss           0x00000000        0x0 libcr_c.a(_deferredlazyseek.o)
 .text._deferredlazyseek
                0x00000000       0x40 libcr_c.a(_deferredlazyseek.o)
 .text.__flsbuf
                0x00000000      0x14c libcr_c.a(_deferredlazyseek.o)
 .comment       0x00000000       0x6f libcr_c.a(_deferredlazyseek.o)
 .ARM.attributes
                0x00000000       0x31 libcr_c.a(_deferredlazyseek.o)
 .text          0x00000000        0x0 libcr_c.a(_fflush.o)
 .data          0x00000000        0x0 libcr_c.a(_fflush.o)
 .bss           0x00000000        0x0 libcr_c.a(_fflush.o)
 .text._fflush  0x00000000       0x60 libcr_c.a(_fflush.o)
 .comment       0x00000000       0x6f libcr_c.a(_fflush.o)
 .ARM.attributes
                0x00000000       0x31 libcr_c.a(_fflush.o)
 .text          0x00000000        0x0 libcr_c.a(_frexpl.o)
 .data          0x00000000        0x0 libcr_c.a(_frexpl.o)
 .bss           0x00000000        0x0 libcr_c.a(_frexpl.o)
 .text._frexpl  0x00000000       0x80 libcr_c.a(_frexpl.o)
 .comment       0x00000000       0x6f libcr_c.a(_frexpl.o)
 .ARM.attributes
                0x00000000       0x31 libcr_c.a(_frexpl.o)
 .text          0x00000000        0x0 libcr_c.a(_ldexpl.o)
 .data          0x00000000        0x0 libcr_c.a(_ldexpl.o)
 .bss           0x00000000        0x0 libcr_c.a(_ldexpl.o)
 .text._ldexpl  0x00000000       0x58 libcr_c.a(_ldexpl.o)
 .comment       0x00000000       0x6f libcr_c.a(_ldexpl.o)
 .ARM.attributes
                0x00000000       0x31 libcr_c.a(_ldexpl.o)
 .text          0x00000000        0x0 libcr_c.a(_writebuf.o)
 .data          0x00000000        0x0 libcr_c.a(_writebuf.o)
 .bss           0x00000000        0x0 libcr_c.a(_writebuf.o)
 .text._Cwritebuf
                0x00000000       0x6c libcr_c.a(_writebuf.o)
 .comment       0x00000000       0x6f libcr_c.a(_writebuf.o)
 .ARM.attributes
                0x00000000       0x31 libcr_c.a(_writebuf.o)
 .text          0x00000000        0x0 libcr_c.a(alloc.o)
 .data          0x00000000        0x0 libcr_c.a(alloc.o)
 .bss           0x00000000        0x0 libcr_c.a(alloc.o)
 .text.malloc   0x00000000       0xcc libcr_c.a(alloc.o)
 .text.free     0x00000000       0x2e libcr_c.a(alloc.o)
 .text.calloc   0x00000000       0x50 libcr_c.a(alloc.o)
 .text._Csys_alloc
                0x00000000       0x20 libcr_c.a(alloc.o)
 .text.realloc  0x00000000       0x26 libcr_c.a(alloc.o)
 .rodata.str1.1
                0x00000000       0x18 libcr_c.a(alloc.o)
 .comment       0x00000000       0x6f libcr_c.a(alloc.o)
 .ARM.attributes
                0x00000000       0x31 libcr_c.a(alloc.o)
 .text          0x00000000        0x0 libcr_c.a(errno.o)
 .data          0x00000000        0x0 libcr_c.a(errno.o)
 .bss           0x00000000        0x0 libcr_c.a(errno.o)
 .bss.errno     0x00000000        0x4 libcr_c.a(errno.o)
 .comment       0x00000000       0x6f libcr_c.a(errno.o)
 .ARM.attributes
                0x00000000       0x31 libcr_c.a(errno.o)
 .text          0x00000000        0x0 libcr_c.a(fseek.o)
 .data          0x00000000        0x0 libcr_c.a(fseek.o)
 .bss           0x00000000        0x0 libcr_c.a(fseek.o)
 .text.fseek    0x00000000       0xf0 libcr_c.a(fseek.o)
 .comment       0x00000000       0x6f libcr_c.a(fseek.o)
 .ARM.attributes
                0x00000000       0x31 libcr_c.a(fseek.o)
 .text          0x00000000        0x0 libcr_c.a(ftell.o)
 .data          0x00000000        0x0 libcr_c.a(ftell.o)
 .bss           0x00000000        0x0 libcr_c.a(ftell.o)
 .text.ftell    0x00000000       0x48 libcr_c.a(ftell.o)
 .comment       0x00000000       0x6f libcr_c.a(ftell.o)
 .ARM.attributes
                0x00000000       0x31 libcr_c.a(ftell.o)
 .text          0x00000000        0x0 libcr_c.a(__init_alloc.o)
 .data          0x00000000        0x0 libcr_c.a(__init_alloc.o)
 .bss           0x00000000        0x0 libcr_c.a(__init_alloc.o)
 .text._init_alloc
                0x00000000       0x14 libcr_c.a(__init_alloc.o)
 .bss.__heaps   0x00000000        0x4 libcr_c.a(__init_alloc.o)
 .bss.__end_of_heap
                0x00000000        0x4 libcr_c.a(__init_alloc.o)
 .comment       0x00000000       0x6f libcr_c.a(__init_alloc.o)
 .ARM.attributes
                0x00000000       0x31 libcr_c.a(__init_alloc.o)
 .text          0x00000000        0x0 libcr_c.a(_cr_sbrk.o)
 .data          0x00000000        0x0 libcr_c.a(_cr_sbrk.o)
 .bss           0x00000000        0x0 libcr_c.a(_cr_sbrk.o)
 .text._sbrk    0x00000000       0x40 libcr_c.a(_cr_sbrk.o)
 .comment       0x00000000       0x6f libcr_c.a(_cr_sbrk.o)
 .ARM.attributes
                0x00000000       0x31 libcr_c.a(_cr_sbrk.o)
 .text          0x00000000        0x0 libcr_c.a(_hugeval.o)
 .data          0x00000000        0x0 libcr_c.a(_hugeval.o)
 .bss           0x00000000        0x0 libcr_c.a(_hugeval.o)
 .rodata.__huge_val
                0x00000000        0x8 libcr_c.a(_hugeval.o)
 .rodata.__huge_vall
                0x00000000        0x8 libcr_c.a(_hugeval.o)
 .comment       0x00000000       0x6f libcr_c.a(_hugeval.o)
 .ARM.attributes
                0x00000000       0x31 libcr_c.a(_hugeval.o)
 .text          0x00000000        0x0 libcr_c.a(_cr_check_heap.o)
 .data          0x00000000        0x0 libcr_c.a(_cr_check_heap.o)
 .bss           0x00000000        0x0 libcr_c.a(_cr_check_heap.o)
 .text.__check_heap_overflow
                0x00000000       0x14 libcr_c.a(_cr_check_heap.o)
 .comment       0x00000000       0x6f libcr_c.a(_cr_check_heap.o)
 .ARM.attributes
                0x00000000       0x31 libcr_c.a(_cr_check_heap.o)
 .text          0x00000000        0x0 libcr_eabihelpers.a(division_32.o)
 .data          0x00000000        0x0 libcr_eabihelpers.a(division_32.o)
 .bss           0x00000000        0x0 libcr_eabihelpers.a(division_32.o)
 .text          0x00000000        0x0 libcr_eabihelpers.a(division_idiv0.o)
 .data          0x00000000        0x0 libcr_eabihelpers.a(division_idiv0.o)
 .bss           0x00000000        0x0 libcr_eabihelpers.a(division_idiv0.o)
 .text          0x00000000        0x0 libcr_eabihelpers.a(double.o)
 .data          0x00000000        0x0 libcr_eabihelpers.a(double.o)
 .bss           0x00000000        0x0 libcr_eabihelpers.a(double.o)
 .text.__aeabi_dmul
                0x00000000      0x17c libcr_eabihelpers.a(double.o)
 .text.__aeabi_ddiv
                0x00000000      0x14c libcr_eabihelpers.a(double.o)
 .text.__aeabi_dsub
                0x00000000      0x1c8 libcr_eabihelpers.a(double.o)
 .text.__aeabi_dadd
                0x00000000      0x130 libcr_eabihelpers.a(double.o)
 .text.__aeabi_drsub
                0x00000000       0x18 libcr_eabihelpers.a(double.o)
 .text.__aeabi_dneg
                0x00000000        0xc libcr_eabihelpers.a(double.o)
 .text.__aeabi_d2f
                0x00000000       0x64 libcr_eabihelpers.a(double.o)
 .text.__aeabi_d2iz
                0x00000000       0x44 libcr_eabihelpers.a(double.o)
 .text.__aeabi_d2uiz
                0x00000000       0x34 libcr_eabihelpers.a(double.o)
 .text.__aeabi_d2lz
                0x00000000       0x78 libcr_eabihelpers.a(double.o)
 .text.__aeabi_d2ulz
                0x00000000       0x58 libcr_eabihelpers.a(double.o)
 .text.__bhs_ui2d
                0x00000000       0x5e libcr_eabihelpers.a(double.o)
 .text.__bhs_ul2d
                0x00000000       0xb4 libcr_eabihelpers.a(double.o)
 .text.__aeabi_i2d
                0x00000000       0x16 libcr_eabihelpers.a(double.o)
 .text.__aeabi_ui2d
                0x00000000        0xc libcr_eabihelpers.a(double.o)
 .text.__aeabi_l2d
                0x00000000       0x20 libcr_eabihelpers.a(double.o)
 .text.__aeabi_ul2d
                0x00000000        0xc libcr_eabihelpers.a(double.o)
 .text.__aeabi_dcmpeq
                0x00000000       0x30 libcr_eabihelpers.a(double.o)
 .text.__aeabi_dcmplt
                0x00000000       0x5c libcr_eabihelpers.a(double.o)
 .text.__aeabi_dcmpgt
                0x00000000       0x5c libcr_eabihelpers.a(double.o)
 .text.__aeabi_dcmple
                0x00000000       0x5c libcr_eabihelpers.a(double.o)
 .text.__aeabi_dcmpge
                0x00000000       0x60 libcr_eabihelpers.a(double.o)
 .text.__aeabi_dcmpun
                0x00000000       0x18 libcr_eabihelpers.a(double.o)
 .text.__aeabi_cdcmple
                0x00000000       0x2e libcr_eabihelpers.a(double.o)
 .text.__aeabi_cdrcmple
                0x00000000       0x14 libcr_eabihelpers.a(double.o)
 .comment       0x00000000       0x6f libcr_eabihelpers.a(double.o)
 .ARM.attributes
                0x00000000       0x31 libcr_eabihelpers.a(double.o)
 .text          0x00000000        0x0 libcr_eabihelpers.a(llong.o)
 .data          0x00000000        0x0 libcr_eabihelpers.a(llong.o)
 .bss           0x00000000        0x0 libcr_eabihelpers.a(llong.o)
 .text.__aeabi_llong_lmul
                0x00000000       0x2e libcr_eabihelpers.a(llong.o)
 .text.__aeabi_llong_llsl
                0x00000000       0x18 libcr_eabihelpers.a(llong.o)
 .text.__aeabi_llong_llsr
                0x00000000       0x18 libcr_eabihelpers.a(llong.o)
 .text.__aeabi_llong_lasr
                0x00000000       0x18 libcr_eabihelpers.a(llong.o)
 .text.__aeabi_llong_lcmp
                0x00000000       0x14 libcr_eabihelpers.a(llong.o)
 .text.__aeabi_llong_ulcmp
                0x00000000       0x10 libcr_eabihelpers.a(llong.o)
 .ARM.attributes
                0x00000000       0x21 libcr_eabihelpers.a(llong.o)
 .text          0x00000000        0x0 libcr_eabihelpers.a(memcpy.o)
 .data          0x00000000        0x0 libcr_eabihelpers.a(memcpy.o)
 .bss           0x00000000        0x0 libcr_eabihelpers.a(memcpy.o)
 .text.__aeabi_memmove
                0x00000000       0x1c libcr_eabihelpers.a(memcpy.o)
 .text.__aeabi_memclr
                0x00000000        0x6 libcr_eabihelpers.a(memcpy.o)
 .text.__aeabi_memset
                0x00000000        0x8 libcr_eabihelpers.a(memcpy.o)
 .text          0x00000000        0x0 libcr_semihost_nf.a(__ciob.o)
 .data          0x00000000        0x0 libcr_semihost_nf.a(__ciob.o)
 .bss           0x00000000        0x0 libcr_semihost_nf.a(__ciob.o)
 .bss.__Ciob    0x00000000       0xb4 libcr_semihost_nf.a(__ciob.o)
 .rodata.__num_Ciob_streams
                0x00000000        0x4 libcr_semihost_nf.a(__ciob.o)
 .comment       0x00000000       0x6f libcr_semihost_nf.a(__ciob.o)
 .ARM.attributes
                0x00000000       0x31 libcr_semihost_nf.a(__ciob.o)
 .text          0x00000000        0x0 libcr_semihost_nf.a(__sys_appexit.o)
 .data          0x00000000        0x0 libcr_semihost_nf.a(__sys_appexit.o)
 .bss           0x00000000        0x0 libcr_semihost_nf.a(__sys_appexit.o)
 .text.__sys_appexit
                0x00000000        0xc libcr_semihost_nf.a(__sys_appexit.o)
 .ARM.attributes
                0x00000000       0x21 libcr_semihost_nf.a(__sys_appexit.o)
 .text          0x00000000        0x0 libcr_semihost_nf.a(__sys_flen.o)
 .data          0x00000000        0x0 libcr_semihost_nf.a(__sys_flen.o)
 .bss           0x00000000        0x0 libcr_semihost_nf.a(__sys_flen.o)
 .text.__sys_flen
                0x00000000        0xc libcr_semihost_nf.a(__sys_flen.o)
 .ARM.attributes
                0x00000000       0x21 libcr_semihost_nf.a(__sys_flen.o)
 .text          0x00000000        0x0 libcr_semihost_nf.a(__sys_istty.o)
 .data          0x00000000        0x0 libcr_semihost_nf.a(__sys_istty.o)
 .bss           0x00000000        0x0 libcr_semihost_nf.a(__sys_istty.o)
 .text.__sys_istty
                0x00000000        0xc libcr_semihost_nf.a(__sys_istty.o)
 .ARM.attributes
                0x00000000       0x21 libcr_semihost_nf.a(__sys_istty.o)
 .text          0x00000000        0x0 libcr_semihost_nf.a(__sys_seek.o)
 .data          0x00000000        0x0 libcr_semihost_nf.a(__sys_seek.o)
 .bss           0x00000000        0x0 libcr_semihost_nf.a(__sys_seek.o)
 .text.__sys_seek
                0x00000000        0xc libcr_semihost_nf.a(__sys_seek.o)
 .ARM.attributes
                0x00000000       0x21 libcr_semihost_nf.a(__sys_seek.o)
 .text          0x00000000        0x0 libcr_semihost_nf.a(__sys_write.o)
 .data          0x00000000        0x0 libcr_semihost_nf.a(__sys_write.o)
 .bss           0x00000000        0x0 libcr_semihost_nf.a(__sys_write.o)
 .text.__sys_write
                0x00000000        0xc libcr_semihost_nf.a(__sys_write.o)
 .ARM.attributes
                0x00000000       0x21 libcr_semihost_nf.a(__sys_write.o)

Memory Configuration

Name             Origin             Length             Attributes
PROGRAM_FLASH    0x00000000         0x00080000         xr
SRAM             0x1fff8000         0x00020000         xrw
*default*        0x00000000         0xffffffff

Linker script and memory map

LOAD ../startup/startup_mkw41z4.o
LOAD ../source/board.o
LOAD ../source/clock_config.o
LOAD ../source/main.o
LOAD ../source/pin_mux.o
LOAD ../freertos/croutine.o
LOAD ../freertos/event_groups.o
LOAD ../freertos/fsl_tickless_lptmr.o
LOAD ../freertos/fsl_tickless_systick.o
LOAD ../freertos/heap_4.o
LOAD ../freertos/list.o
LOAD ../freertos/port.o
LOAD ../freertos/queue.o
LOAD ../freertos/tasks.o
LOAD ../freertos/timers.o
LOAD ../drivers/fsl_clock.o
LOAD ../drivers/fsl_common.o
LOAD ../drivers/fsl_gpio.o
LOAD ../drivers/fsl_lpuart.o
LOAD ../drivers/fsl_lpuart_freertos.o
LOAD ../CMSIS/system_MKW41Z4.o
START GROUP
LOAD libcr_semihost_nf.a
LOAD libcr_c.a
LOAD libcr_eabihelpers.a
END GROUP
                0x00000000                __base_PROGRAM_FLASH = 0x0
                0x00000000                __base_Flash = 0x0
                0x00080000                __top_PROGRAM_FLASH = 0x80000
                0x00080000                __top_Flash = 0x80000
                0x1fff8000                __base_SRAM = 0x1fff8000
                0x1fff8000                __base_RAM = 0x1fff8000
                0x20018000                __top_SRAM = 0x20018000
                0x20018000                __top_RAM = 0x20018000

.text           0x00000000     0x2dd0
 FILL mask 0xff
                0x00000000                __vectors_start__ = ABSOLUTE (.)
 *(.isr_vector)
 .isr_vector    0x00000000       0xc0 ../startup/startup_mkw41z4.o
                0x00000000                g_pfnVectors
                0x00000000                __Vectors
                0x000000c0                . = ALIGN (0x4)
                0x000000c0                __section_table_start = .
                0x000000c0                __data_section_table = .
                0x000000c0        0x4 LONG 0x2dd0 LOADADDR (.data)
                0x000000c4        0x4 LONG 0x1fff8000 ADDR (.data)
                0x000000c8        0x4 LONG 0x8 SIZEOF (.data)
                0x000000cc                __data_section_table_end = .
                0x000000cc                __bss_section_table = .
                0x000000cc        0x4 LONG 0x1fff8008 ADDR (.bss)
                0x000000d0        0x4 LONG 0x29a0 SIZEOF (.bss)
                0x000000d4                __bss_section_table_end = .
                0x000000d4                __section_table_end = .
 *(.after_vectors*)
 .after_vectors.init_data
                0x000000d4       0x16 ../startup/startup_mkw41z4.o
                0x000000d4                data_init
 .after_vectors.init_bss
                0x000000ea       0x12 ../startup/startup_mkw41z4.o
                0x000000ea                bss_init
 .after_vectors.reset
                0x000000fc       0x4c ../startup/startup_mkw41z4.o
                0x000000fc                ResetISR
 .after_vectors
                0x00000148      0x10c ../startup/startup_mkw41z4.o
                0x00000148                NMI_Handler
                0x0000014a                HardFault_Handler
                0x00000152                DMA0_DriverIRQHandler
                0x00000152                PIT_DriverIRQHandler
                0x00000152                SPI1_DriverIRQHandler
                0x00000152                LPTMR0_DriverIRQHandler
                0x00000152                PORTB_PORTC_DriverIRQHandler
                0x00000152                DMA3_DriverIRQHandler
                0x00000152                I2C0_DriverIRQHandler
                0x00000152                DMA2_DriverIRQHandler
                0x00000152                TRNG0_DriverIRQHandler
                0x00000152                CMP0_DriverIRQHandler
                0x00000152                TPM2_DriverIRQHandler
                0x00000152                Radio_0_DriverIRQHandler
                0x00000152                ADC0_DriverIRQHandler
                0x00000152                SPI0_DriverIRQHandler
                0x00000152                TSI0_DriverIRQHandler
                0x00000152                RTC_Seconds_DriverIRQHandler
                0x00000152                LTC0_DriverIRQHandler
                0x00000152                LLWU_DriverIRQHandler
                0x00000152                MCG_DriverIRQHandler
                0x00000152                I2C1_DriverIRQHandler
                0x00000152                CMT_DriverIRQHandler
                0x00000152                DMA1_DriverIRQHandler
                0x00000152                FTFA_DriverIRQHandler
                0x00000152                IntDefaultHandler
                0x00000152                RTC_DriverIRQHandler
                0x00000152                DAC0_DriverIRQHandler
                0x00000152                TPM0_DriverIRQHandler
                0x00000152                TPM1_DriverIRQHandler
                0x00000152                LVD_LVW_DCDC_DriverIRQHandler
                0x00000152                PORTA_DriverIRQHandler
                0x00000152                Reserved20_DriverIRQHandler
                0x00000152                Radio_1_DriverIRQHandler
                0x00000154                DMA0_IRQHandler
                0x0000015c                DMA1_IRQHandler
                0x00000164                DMA2_IRQHandler
                0x0000016c                DMA3_IRQHandler
                0x00000174                Reserved20_IRQHandler
                0x0000017c                FTFA_IRQHandler
                0x00000184                LVD_LVW_DCDC_IRQHandler
                0x0000018c                LLWU_IRQHandler
                0x00000194                I2C0_IRQHandler
                0x0000019c                I2C1_IRQHandler
                0x000001a4                SPI0_IRQHandler
                0x000001ac                TSI0_IRQHandler
                0x000001b4                LPUART0_IRQHandler
                0x000001bc                TRNG0_IRQHandler
                0x000001c4                CMT_IRQHandler
                0x000001cc                ADC0_IRQHandler
                0x000001d4                CMP0_IRQHandler
                0x000001dc                TPM0_IRQHandler
                0x000001e4                TPM1_IRQHandler
                0x000001ec                TPM2_IRQHandler
                0x000001f4                RTC_IRQHandler
                0x000001fc                RTC_Seconds_IRQHandler
                0x00000204                PIT_IRQHandler
                0x0000020c                LTC0_IRQHandler
                0x00000214                Radio_0_IRQHandler
                0x0000021c                DAC0_IRQHandler
                0x00000224                Radio_1_IRQHandler
                0x0000022c                MCG_IRQHandler
                0x00000234                LPTMR0_IRQHandler
                0x0000023c                SPI1_IRQHandler
                0x00000244                PORTA_IRQHandler
                0x0000024c                PORTB_PORTC_IRQHandler
                0x00000400                . = 0x400
 *fill*         0x00000254      0x1ac ff
                0x00000400                PROVIDE (__FLASH_CONFIG_START__, .)
 *(.FlashConfig)
 .FlashConfig   0x00000400       0x10 ../startup/startup_mkw41z4.o
                0x00000400                Flash_Config
                0x00000410                PROVIDE (__FLASH_CONFIG_END__, .)
                0x00000001                ASSERT (! ((__FLASH_CONFIG_START__ == __FLASH_CONFIG_END__)), Linker Flash Config Support Enabled, but no .FlashConfig section provided within application)
 *(.text*)
 .text.LED_Initialize
                0x00000410       0xe8 ../source/main.o
                0x00000410                LED_Initialize
 .text.LED_On   0x000004f8       0x38 ../source/main.o
                0x000004f8                LED_On
 .text.LED_Off  0x00000530       0x38 ../source/main.o
                0x00000530                LED_Off
 .text.fast_led
                0x00000568       0x2a ../source/main.o
 .text.slow_led
                0x00000592       0x2a ../source/main.o
 .text.main     0x000005bc       0x4c ../source/main.o
                0x000005bc                main
 .text.prvSetupTimerInterrupt
                0x00000608       0x3c ../freertos/fsl_tickless_lptmr.o
                0x00000608                prvSetupTimerInterrupt
 .text.pvPortMalloc
                0x00000644      0x14c ../freertos/heap_4.o
                0x00000644                pvPortMalloc
 .text.vPortFree
                0x00000790       0x90 ../freertos/heap_4.o
                0x00000790                vPortFree
 .text.prvHeapInit
                0x00000820       0xc0 ../freertos/heap_4.o
 .text.prvInsertBlockIntoFreeList
                0x000008e0       0xb0 ../freertos/heap_4.o
 .text.vListInitialise
                0x00000990       0x3c ../freertos/list.o
                0x00000990                vListInitialise
 .text.vListInitialiseItem
                0x000009cc       0x16 ../freertos/list.o
                0x000009cc                vListInitialiseItem
 .text.vListInsertEnd
                0x000009e2       0x44 ../freertos/list.o
                0x000009e2                vListInsertEnd
 .text.vListInsert
                0x00000a26       0x6c ../freertos/list.o
                0x00000a26                vListInsert
 .text.uxListRemove
                0x00000a92       0x50 ../freertos/list.o
                0x00000a92                uxListRemove
 *fill*         0x00000ae2        0x2 ff
 .text.pxPortInitialiseStack
                0x00000ae4       0x54 ../freertos/port.o
                0x00000ae4                pxPortInitialiseStack
 .text.prvTaskExitError
                0x00000b38       0x18 ../freertos/port.o
 .text.SVC_Handler
                0x00000b50        0xa ../freertos/port.o
                0x00000b50                SVC_Handler
 *fill*         0x00000b5a        0x6 ff
 .text.vPortStartFirstTask
                0x00000b60       0x38 ../freertos/port.o
 .text.xPortStartScheduler
                0x00000b98       0x44 ../freertos/port.o
                0x00000b98                xPortStartScheduler
 .text.vPortYield
                0x00000bdc       0x20 ../freertos/port.o
                0x00000bdc                vPortYield
 .text.vPortEnterCritical
                0x00000bfc       0x24 ../freertos/port.o
                0x00000bfc                vPortEnterCritical
 .text.vPortExitCritical
                0x00000c20       0x30 ../freertos/port.o
                0x00000c20                vPortExitCritical
 .text.ulSetInterruptMaskFromISR
                0x00000c50        0xc ../freertos/port.o
                0x00000c50                ulSetInterruptMaskFromISR
 .text.vClearInterruptMaskFromISR
                0x00000c5c        0x8 ../freertos/port.o
                0x00000c5c                vClearInterruptMaskFromISR
 *fill*         0x00000c64        0xc ff
 .text.PendSV_Handler
                0x00000c70       0x48 ../freertos/port.o
                0x00000c70                PendSV_Handler
 .text.SysTick_Handler
                0x00000cb8       0x34 ../freertos/port.o
                0x00000cb8                SysTick_Handler
 .text.xQueueGenericReset
                0x00000cec       0xa8 ../freertos/queue.o
                0x00000cec                xQueueGenericReset
 .text.xQueueGenericCreate
                0x00000d94       0x64 ../freertos/queue.o
                0x00000d94                xQueueGenericCreate
 .text.prvInitialiseNewQueue
                0x00000df8       0x4e ../freertos/queue.o
 .text.xQueueGenericSend
                0x00000e46      0x188 ../freertos/queue.o
                0x00000e46                xQueueGenericSend
 .text.xQueueGenericSendFromISR
                0x00000fce       0xe4 ../freertos/queue.o
                0x00000fce                xQueueGenericSendFromISR
 .text.xQueueGenericReceive
                0x000010b2      0x1c8 ../freertos/queue.o
                0x000010b2                xQueueGenericReceive
 .text.prvCopyDataToQueue
                0x0000127a       0xd6 ../freertos/queue.o
 .text.prvCopyDataFromQueue
                0x00001350       0x4c ../freertos/queue.o
 .text.prvUnlockQueue
                0x0000139c       0xc0 ../freertos/queue.o
 .text.prvIsQueueEmpty
                0x0000145c       0x2c ../freertos/queue.o
 .text.prvIsQueueFull
                0x00001488       0x30 ../freertos/queue.o
 .text.vQueueAddToRegistry
                0x000014b8       0x50 ../freertos/queue.o
                0x000014b8                vQueueAddToRegistry
 .text.vQueueWaitForMessageRestricted
                0x00001508       0x66 ../freertos/queue.o
                0x00001508                vQueueWaitForMessageRestricted
 .text.xTaskCreate
                0x0000156e       0x90 ../freertos/tasks.o
                0x0000156e                xTaskCreate
 *fill*         0x000015fe        0x2 ff
 .text.prvInitialiseNewTask
                0x00001600      0x120 ../freertos/tasks.o
 .text.prvAddNewTaskToReadyList
                0x00001720       0xd0 ../freertos/tasks.o
 .text.vTaskDelay
                0x000017f0       0x4c ../freertos/tasks.o
                0x000017f0                vTaskDelay
 .text.vTaskStartScheduler
                0x0000183c       0x78 ../freertos/tasks.o
                0x0000183c                vTaskStartScheduler
 .text.vTaskSuspendAll
                0x000018b4       0x18 ../freertos/tasks.o
                0x000018b4                vTaskSuspendAll
 .text.xTaskResumeAll
                0x000018cc      0x118 ../freertos/tasks.o
                0x000018cc                xTaskResumeAll
 .text.xTaskGetTickCount
                0x000019e4       0x1c ../freertos/tasks.o
                0x000019e4                xTaskGetTickCount
 .text.xTaskIncrementTick
                0x00001a00      0x14c ../freertos/tasks.o
                0x00001a00                xTaskIncrementTick
 .text.vTaskSwitchContext
                0x00001b4c       0xa4 ../freertos/tasks.o
                0x00001b4c                vTaskSwitchContext
 .text.vTaskPlaceOnEventList
                0x00001bf0       0x3c ../freertos/tasks.o
                0x00001bf0                vTaskPlaceOnEventList
 .text.vTaskPlaceOnEventListRestricted
                0x00001c2c       0x4c ../freertos/tasks.o
                0x00001c2c                vTaskPlaceOnEventListRestricted
 .text.xTaskRemoveFromEventList
                0x00001c78       0xb8 ../freertos/tasks.o
                0x00001c78                xTaskRemoveFromEventList
 .text.vTaskSetTimeOutState
                0x00001d30       0x34 ../freertos/tasks.o
                0x00001d30                vTaskSetTimeOutState
 .text.xTaskCheckForTimeOut
                0x00001d64       0x9c ../freertos/tasks.o
                0x00001d64                xTaskCheckForTimeOut
 .text.vTaskMissedYield
                0x00001e00       0x14 ../freertos/tasks.o
                0x00001e00                vTaskMissedYield
 .text.prvIdleTask
                0x00001e14       0x20 ../freertos/tasks.o
 .text.prvInitialiseTaskLists
                0x00001e34       0x88 ../freertos/tasks.o
 .text.prvCheckTasksWaitingTermination
                0x00001ebc       0x74 ../freertos/tasks.o
 .text.prvDeleteTCB
                0x00001f30       0x22 ../freertos/tasks.o
 *fill*         0x00001f52        0x2 ff
 .text.prvResetNextTaskUnblockTime
                0x00001f54       0x48 ../freertos/tasks.o
 .text.xTaskGetSchedulerState
                0x00001f9c       0x38 ../freertos/tasks.o
                0x00001f9c                xTaskGetSchedulerState
 .text.vTaskPriorityInherit
                0x00001fd4       0xbc ../freertos/tasks.o
                0x00001fd4                vTaskPriorityInherit
 .text.xTaskPriorityDisinherit
                0x00002090       0xb8 ../freertos/tasks.o
                0x00002090                xTaskPriorityDisinherit
 .text.pvTaskIncrementMutexHeldCount
                0x00002148       0x24 ../freertos/tasks.o
                0x00002148                pvTaskIncrementMutexHeldCount
 .text.xTaskGenericNotify
                0x0000216c      0x118 ../freertos/tasks.o
                0x0000216c                xTaskGenericNotify
 .text.xTaskGenericNotifyFromISR
                0x00002284      0x154 ../freertos/tasks.o
                0x00002284                xTaskGenericNotifyFromISR
 .text.prvAddCurrentTaskToDelayedList
                0x000023d8       0xa8 ../freertos/tasks.o
 .text.xTimerCreateTimerTask
                0x00002480       0x54 ../freertos/timers.o
                0x00002480                xTimerCreateTimerTask
 .text.xTimerGenericCommand
                0x000024d4       0x9c ../freertos/timers.o
                0x000024d4                xTimerGenericCommand
 .text.prvProcessExpiredTimer
                0x00002570       0x70 ../freertos/timers.o
 .text.prvTimerTask
                0x000025e0       0x28 ../freertos/timers.o
 .text.prvProcessTimerOrBlockTask
                0x00002608       0x8c ../freertos/timers.o
 .text.prvGetNextExpireTime
                0x00002694       0x40 ../freertos/timers.o
 .text.prvSampleTimeNow
                0x000026d4       0x40 ../freertos/timers.o
 .text.prvInsertTimerInActiveList
                0x00002714       0x84 ../freertos/timers.o
 .text.prvProcessReceivedCommands
                0x00002798      0x12c ../freertos/timers.o
 .text.prvSwitchTimerLists
                0x000028c4       0xb4 ../freertos/timers.o
 .text.prvCheckForValidListAndQueue
                0x00002978       0x74 ../freertos/timers.o
 .text.LPUART0_DriverIRQHandler
                0x000029ec       0x24 ../drivers/fsl_lpuart.o
                0x000029ec                LPUART0_DriverIRQHandler
 .text.SystemInit
                0x00002a10       0x18 ../CMSIS/system_MKW41Z4.o
                0x00002a10                SystemInit
 .text.SystemCoreClockUpdate
                0x00002a28      0x220 ../CMSIS/system_MKW41Z4.o
                0x00002a28                SystemCoreClockUpdate
 .text.memcpy   0x00002c48        0x8 libcr_c.a(memcpy.o)
                0x00002c48                memcpy
 .text.memset   0x00002c50        0x8 libcr_c.a(memset.o)
                0x00002c50                memset
 .text.__aeabi_division_idivmod
                0x00002c58       0x78 libcr_eabihelpers.a(division_32.o)
                0x00002c58                __aeabi_idivmod
                0x00002c58                __aeabi_idiv
                0x00002c5e                __aeabi_uidivmod
                0x00002c5e                __aeabi_uidiv
 .text.__aeabi_division_idiv0
                0x00002cd0        0x2 libcr_eabihelpers.a(division_idiv0.o)
                0x00002cd0                __aeabi_idiv0
 .text.__aeabi_memcpy
                0x00002cd2       0x2c libcr_eabihelpers.a(memcpy.o)
                0x00002cd2                __aeabi_memcpy4
                0x00002cd2                __aeabi_memcpy8
                0x00002cd2                __aeabi_memcpy
 .text.__aeabi_memset_lowlevel
                0x00002cfe       0x2a libcr_eabihelpers.a(memcpy.o)
                0x00002cfe                __aeabi_lowlevel_memset
 *(.rodata .rodata.* .constdata .constdata.*)
 .rodata        0x00002d28       0x3d ../source/main.o
                0x00002d28                led_pin
                0x00002d38                led_port
                0x00002d48                led_gpio
 *fill*         0x00002d65        0x3 ff
 .rodata        0x00002d68       0x30 ../freertos/tasks.o
 .rodata        0x00002d98       0x35 ../freertos/timers.o
                0x00002dd0                . = ALIGN (0x4)
 *fill*         0x00002dcd        0x3 ff

.glue_7         0x00002dd0        0x0
 .glue_7        0x00002dd0        0x0 linker stubs

.glue_7t        0x00002dd0        0x0
 .glue_7t       0x00002dd0        0x0 linker stubs

.vfp11_veneer   0x00002dd0        0x0
 .vfp11_veneer  0x00002dd0        0x0 linker stubs

.v4_bx          0x00002dd0        0x0
 .v4_bx         0x00002dd0        0x0 linker stubs

.iplt           0x00002dd0        0x0
 .iplt          0x00002dd0        0x0 ../startup/startup_mkw41z4.o

.rel.dyn        0x00002dd0        0x0
 .rel.iplt      0x00002dd0        0x0 ../startup/startup_mkw41z4.o

.ARM.extab
 *(.ARM.extab* .gnu.linkonce.armextab.*)
                0x00002dd0                __exidx_start = .

.ARM.exidx
 *(.ARM.exidx* .gnu.linkonce.armexidx.*)
                0x00002dd0                __exidx_end = .
                0x00002dd0                _etext = .

.mtb_buffer_default
 *(.mtb*)

.uninit_RESERVED
                0x1fff8000        0x0
 *(.bss.$RESERVED*)
                0x1fff8000                . = ALIGN (0x4)
                0x1fff8000                _end_uninit_RESERVED = .

.data           0x1fff8000        0x8 load address 0x00002dd0
 FILL mask 0xff
                0x1fff8000                _data = .
 *(vtable)
 *(.ramfunc*)
 *(.data*)
 .data          0x1fff8000        0x4 ../freertos/port.o
 .data          0x1fff8004        0x4 ../CMSIS/system_MKW41Z4.o
                0x1fff8004                SystemCoreClock
                0x1fff8008                . = ALIGN (0x4)
                0x1fff8008                _edata = .

.igot.plt       0x1fff8008        0x0 load address 0x00002dd8
 .igot.plt      0x1fff8008        0x0 ../startup/startup_mkw41z4.o

.bss            0x1fff8008     0x29a0 load address 0x00002dd8
                0x1fff8008                _bss = .
 *(.bss*)
 .bss           0x1fff8008     0x2818 ../freertos/heap_4.o
 .bss           0x1fffa820      0x104 ../freertos/tasks.o
                0x1fffa820                pxCurrentTCB
 .bss           0x1fffa924       0x3c ../freertos/timers.o
 .bss           0x1fffa960        0x8 ../drivers/fsl_lpuart.o
 *(COMMON)
 COMMON         0x1fffa968       0x40 ../freertos/queue.o
                0x1fffa968                xQueueRegistry
                0x1fffa9a8                . = ALIGN (0x4)
                0x1fffa9a8                _ebss = .
                [!provide]                PROVIDE (end, .)

.noinit         0x1fffa9a8        0x0 load address 0x00002dd8
                0x1fffa9a8                _noinit = .
 *(.noinit*)
                0x1fffa9a8                . = ALIGN (0x4)
                0x1fffa9a8                _end_noinit = .

.heap           0x1fffa9a8     0x1000 load address 0x00002dd8
                0x1fffa9a8                _pvHeapStart = .
                0x1fffb9a8                . = (. + 0x1000)
 *fill*         0x1fffa9a8     0x1000 
                0x1fffb9a8                . = ALIGN (0x4)
                0x1fffb9a8                _pvHeapLimit = .

.heap2stackfill
                0x1fffb9a8     0x1000 load address 0x00002dd8
                0x1fffc9a8                . = (. + 0x1000)
 *fill*         0x1fffb9a8     0x1000 

.stack          0x20017000        0x0
                0x20017000                _vStackBase = .
                0x20017000                . = ALIGN (0x4)
                0x20018000                _vStackTop = (. + 0x1000)
OUTPUT(XpressoRTOS.axf elf32-littlearm)

.comment        0x00000000       0xed
 .comment       0x00000000       0x7f ../startup/startup_mkw41z4.o
                                 0x80 (size before relaxing)
 .comment       0x0000007f       0x80 ../source/main.o
 .comment       0x0000007f       0x80 ../freertos/fsl_tickless_lptmr.o
 .comment       0x0000007f       0x80 ../freertos/heap_4.o
 .comment       0x0000007f       0x80 ../freertos/list.o
 .comment       0x0000007f       0x80 ../freertos/port.o
 .comment       0x0000007f       0x80 ../freertos/queue.o
 .comment       0x0000007f       0x80 ../freertos/tasks.o
 .comment       0x0000007f       0x80 ../freertos/timers.o
 .comment       0x0000007f       0x80 ../drivers/fsl_lpuart.o
 .comment       0x0000007f       0x80 ../CMSIS/system_MKW41Z4.o
 .comment       0x0000007f       0x6e libcr_c.a(memcpy.o)
                                 0x6f (size before relaxing)
 .comment       0x000000ed       0x6f libcr_c.a(memset.o)

.ARM.attributes
                0x00000000       0x30
 .ARM.attributes
                0x00000000       0x32 ../startup/startup_mkw41z4.o
 .ARM.attributes
                0x00000032       0x32 ../source/main.o
 .ARM.attributes
                0x00000064       0x32 ../freertos/fsl_tickless_lptmr.o
 .ARM.attributes
                0x00000096       0x32 ../freertos/heap_4.o
 .ARM.attributes
                0x000000c8       0x32 ../freertos/list.o
 .ARM.attributes
                0x000000fa       0x32 ../freertos/port.o
 .ARM.attributes
                0x0000012c       0x32 ../freertos/queue.o
 .ARM.attributes
                0x0000015e       0x32 ../freertos/tasks.o
 .ARM.attributes
                0x00000190       0x32 ../freertos/timers.o
 .ARM.attributes
                0x000001c2       0x32 ../drivers/fsl_lpuart.o
 .ARM.attributes
                0x000001f4       0x32 ../CMSIS/system_MKW41Z4.o
 .ARM.attributes
                0x00000226       0x31 libcr_c.a(memcpy.o)
 .ARM.attributes
                0x00000257       0x31 libcr_c.a(memset.o)
 .ARM.attributes
                0x00000288       0x21 libcr_eabihelpers.a(division_32.o)
 .ARM.attributes
                0x000002a9       0x21 libcr_eabihelpers.a(division_idiv0.o)
 .ARM.attributes
                0x000002ca       0x21 libcr_eabihelpers.a(memcpy.o)
